Component: ARM Compiler 5.06 update 1 (build 61) Tool: armlink [4d35a8]

==============================================================================

Section Cross References

    startup_stm32f407xx.o(STACK) refers (Special) to heapauxi.o(.text) for __use_two_region_memory
    startup_stm32f407xx.o(HEAP) refers (Special) to heapauxi.o(.text) for __use_two_region_memory
    startup_stm32f407xx.o(RESET) refers (Special) to heapauxi.o(.text) for __use_two_region_memory
    startup_stm32f407xx.o(RESET) refers to startup_stm32f407xx.o(STACK) for __initial_sp
    startup_stm32f407xx.o(RESET) refers to startup_stm32f407xx.o(.text) for Reset_Handler
    startup_stm32f407xx.o(RESET) refers to stm32f4xx_it.o(i.NMI_Handler) for NMI_Handler
    startup_stm32f407xx.o(RESET) refers to stm32f4xx_it.o(i.HardFault_Handler) for HardFault_Handler
    startup_stm32f407xx.o(RESET) refers to stm32f4xx_it.o(i.MemManage_Handler) for MemManage_Handler
    startup_stm32f407xx.o(RESET) refers to stm32f4xx_it.o(i.BusFault_Handler) for BusFault_Handler
    startup_stm32f407xx.o(RESET) refers to stm32f4xx_it.o(i.UsageFault_Handler) for UsageFault_Handler
    startup_stm32f407xx.o(RESET) refers to stm32f4xx_it.o(i.SVC_Handler) for SVC_Handler
    startup_stm32f407xx.o(RESET) refers to stm32f4xx_it.o(i.DebugMon_Handler) for DebugMon_Handler
    startup_stm32f407xx.o(RESET) refers to stm32f4xx_it.o(i.PendSV_Handler) for PendSV_Handler
    startup_stm32f407xx.o(RESET) refers to stm32f4xx_it.o(i.SysTick_Handler) for SysTick_Handler
    startup_stm32f407xx.o(RESET) refers to stm32f4xx_it.o(i.DMA1_Stream1_IRQHandler) for DMA1_Stream1_IRQHandler
    startup_stm32f407xx.o(RESET) refers to stm32f4xx_it.o(i.CAN1_RX0_IRQHandler) for CAN1_RX0_IRQHandler
    startup_stm32f407xx.o(RESET) refers to stm32f4xx_it.o(i.TIM3_IRQHandler) for TIM3_IRQHandler
    startup_stm32f407xx.o(RESET) refers to remote_control.o(i.USART3_IRQHandler) for USART3_IRQHandler
    startup_stm32f407xx.o(RESET) refers to stm32f4xx_it.o(i.DMA2_Stream1_IRQHandler) for DMA2_Stream1_IRQHandler
    startup_stm32f407xx.o(RESET) refers to stm32f4xx_it.o(i.DMA2_Stream2_IRQHandler) for DMA2_Stream2_IRQHandler
    startup_stm32f407xx.o(RESET) refers to stm32f4xx_it.o(i.CAN2_RX0_IRQHandler) for CAN2_RX0_IRQHandler
    startup_stm32f407xx.o(RESET) refers to stm32f4xx_it.o(i.DMA2_Stream6_IRQHandler) for DMA2_Stream6_IRQHandler
    startup_stm32f407xx.o(RESET) refers to stm32f4xx_it.o(i.DMA2_Stream7_IRQHandler) for DMA2_Stream7_IRQHandler
    startup_stm32f407xx.o(RESET) refers to bsp_referee.o(i.USART6_IRQHandler) for USART6_IRQHandler
    startup_stm32f407xx.o(.text) refers (Special) to heapauxi.o(.text) for __use_two_region_memory
    startup_stm32f407xx.o(.text) refers to system_stm32f4xx.o(i.SystemInit) for SystemInit
    startup_stm32f407xx.o(.text) refers to __main.o(!!!main) for __main
    startup_stm32f407xx.o(.text) refers to startup_stm32f407xx.o(HEAP) for Heap_Mem
    startup_stm32f407xx.o(.text) refers to startup_stm32f407xx.o(STACK) for Stack_Mem
    my_init.o(i.all_init) refers to pid.o(i.motor_pid_init) for motor_pid_init
    my_init.o(i.all_init) refers to trigger_turn.o(i.trigger_all_init) for trigger_all_init
    my_init.o(i.all_init) refers to bsp_referee.o(i.referee_usart_fifo_init) for referee_usart_fifo_init
    my_init.o(i.all_init) refers to pid.o(i.POWER_PID_Init) for POWER_PID_Init
    my_init.o(i.all_init) refers to remote_control.o(i.remote_control_init) for remote_control_init
    my_init.o(i.all_init) refers to bsp_can.o(i.bsp_can_init) for bsp_can_init
    my_init.o(i.all_init) refers to stm32f4xx_hal_tim.o(i.HAL_TIM_Base_Start_IT) for HAL_TIM_Base_Start_IT
    my_init.o(i.all_init) refers to referee.o(i.init_referee_struct_data) for init_referee_struct_data
    my_init.o(i.all_init) refers to yaw_turn.o(i.Yaw_PIDinit) for Yaw_PIDinit
    my_init.o(i.all_init) refers to chassis_move.o(.bss) for chassis_center
    my_init.o(i.all_init) refers to tim.o(.bss) for htim3
    my_init.o(i.mode_init) refers to chassis_move.o(.bss) for chassis_center
    main.o(i.HAL_UART_RxCpltCallback) refers to stm32f4xx_hal_uart.o(i.HAL_UART_Receive_IT) for HAL_UART_Receive_IT
    main.o(i.HAL_UART_RxCpltCallback) refers to main.o(.bss) for .bss
    main.o(i.HAL_UART_RxCpltCallback) refers to supercap.o(.data) for supercap_volt
    main.o(i.HAL_UART_RxCpltCallback) refers to supercap.o(.data) for supercap_per
    main.o(i.HAL_UART_RxCpltCallback) refers to usart.o(.bss) for huart1
    main.o(i.SystemClock_Config) refers to rt_memclr_w.o(.text) for __aeabi_memclr4
    main.o(i.SystemClock_Config) refers to stm32f4xx_hal_rcc.o(i.HAL_RCC_OscConfig) for HAL_RCC_OscConfig
    main.o(i.SystemClock_Config) refers to stm32f4xx_hal_rcc.o(i.HAL_RCC_ClockConfig) for HAL_RCC_ClockConfig
    main.o(i.main) refers to stm32f4xx_hal.o(i.HAL_Init) for HAL_Init
    main.o(i.main) refers to main.o(i.SystemClock_Config) for SystemClock_Config
[...]
    .bss                                     0x200016e4   Section       96  libspace.o(.bss)
    HEAP                                     0x20001748   Section      512  startup_stm32f407xx.o(HEAP)
    Heap_Mem                                 0x20001748   Data         512  startup_stm32f407xx.o(HEAP)
    STACK                                    0x20001948   Section     1024  startup_stm32f407xx.o(STACK)
    Stack_Mem                                0x20001948   Data        1024  startup_stm32f407xx.o(STACK)
    __initial_sp                             0x20001d48   Data           0  startup_stm32f407xx.o(STACK)

    Global Symbols

    Symbol Name                              Value     Ov Type        Size  Object(Section)

    BuildAttributes$$THM_ISAv4$E$P$D$K$B$S$7EM$VFPi3$EXTD16$VFPS$VFMA$PE$A:L22UL41UL21$X:L11$S22US41US21$IEEE1$IW$USESV6$~STKCKD$USESV7$~SHL$OTIME$ROPI$IEEEX$EBA8$UX$STANDARDLIB$REQ8$PRES8$EABIv2 0x00000000   Number         0  anon$$obj.o ABSOLUTE
    __ARM_use_no_argv                        0x00000000   Number         0  main.o ABSOLUTE
    __ARM_exceptions_init                     - Undefined Weak Reference
    __alloca_initialize                       - Undefined Weak Reference
    __arm_preinit_                            - Undefined Weak Reference
    __cpp_initialize__aeabi_                  - Undefined Weak Reference
    __cxa_finalize                            - Undefined Weak Reference
    __rt_locale                               - Undefined Weak Reference
    __sigvec_lookup                           - Undefined Weak Reference
    __user_heap_extent                        - Undefined Weak Reference
    _atexit_init                              - Undefined Weak Reference
    _call_atexit_fns                          - Undefined Weak Reference
    _clock_init                               - Undefined Weak Reference
    _fp_trap_init                             - Undefined Weak Reference
    _fp_trap_shutdown                         - Undefined Weak Reference
    _get_lc_collate                           - Undefined Weak Reference
    _get_lc_ctype                             - Undefined Weak Reference
    _get_lc_monetary                          - Undefined Weak Reference
    _get_lc_numeric                           - Undefined Weak Reference
    _get_lc_time                              - Undefined Weak Reference
    _getenv_init                              - Undefined Weak Reference
    _handle_redirection                       - Undefined Weak Reference
    _initio                                   - Undefined Weak Reference
    _mutex_acquire                            - Undefined Weak Reference
    _mutex_free                               - Undefined Weak Reference
    _mutex_release                            - Undefined Weak Reference
    _rand_init                                - Undefined Weak Reference
    _signal_finish                            - Undefined Weak Reference
    _signal_init                              - Undefined Weak Reference
    _terminateio                              - Undefined Weak Reference
    __Vectors_Size                           0x00000188   Number         0  startup_stm32f407xx.o ABSOLUTE
    __Vectors                                0x08000000   Data           4  startup_stm32f407xx.o(RESET)
    __Vectors_End                            0x08000188   Data           0  startup_stm32f407xx.o(RESET)
    __main                                   0x08000189   Thumb Code     8  __main.o(!!!main)
    __scatterload                            0x08000191   Thumb Code     0  __scatter.o(!!!scatter)
    __scatterload_rt2                        0x08000191   Thumb Code    44  __scatter.o(!!!scatter)
    __scatterload_rt2_thumb_only             0x08000191   Thumb Code     0  __scatter.o(!!!scatter)
    __scatterload_null                       0x0800019f   Thumb Code     0  __scatter.o(!!!scatter)
    __decompress                             0x080001c5   Thumb Code    90  __dczerorl2.o(!!dczerorl2)
    __decompress1                            0x080001c5   Thumb Code     0  __dczerorl2.o(!!dczerorl2)
    __scatterload_zeroinit                   0x08000221   Thumb Code    28  __scatter_zi.o(!!handler_zi)
    __rt_lib_init                            0x0800023d   Thumb Code     0  libinit.o(.ARM.Collect$$libinit$$00000000)
    __rt_lib_init_fp_1                       0x0800023f   Thumb Code     0  libinit2.o(.ARM.Collect$$libinit$$00000001)
    __rt_lib_init_alloca_1                   0x08000243   Thumb Code     0  libinit2.o(.ARM.Collect$$libinit$$0000002E)
    __rt_lib_init_argv_1                     0x08000243   Thumb Code     0  libinit2.o(.ARM.Collect$$libinit$$0000002C)
    __rt_lib_init_atexit_1                   0x08000243   Thumb Code     0  libinit2.o(.ARM.Collect$$libinit$$0000001B)
    __rt_lib_init_clock_1                    0x08000243   Thumb Code     0  libinit2.o(.ARM.Collect$$libinit$$00000021)
    __rt_lib_init_cpp_1                      0x08000243   Thumb Code     0  libinit2.o(.ARM.Collect$$libinit$$00000032)
    __rt_lib_init_exceptions_1               0x08000243   Thumb Code     0  libinit2.o(.ARM.Collect$$libinit$$00000030)
    __rt_lib_init_fp_trap_1                  0x08000243   Thumb Code     0  libinit2.o(.ARM.Collect$$libinit$$0000001F)
    __rt_lib_init_getenv_1                   0x08000243   Thumb Code     0  libinit2.o(.ARM.Collect$$libinit$$00000023)
    __rt_lib_init_heap_1                     0x08000243   Thumb Code     0  libinit2.o(.ARM.Collect$$libinit$$0000000A)
    __rt_lib_init_lc_collate_1               0x08000243   Thumb Code     0  libinit2.o(.ARM.Collect$$libinit$$00000011)
    __rt_lib_init_lc_ctype_1                 0x08000243   Thumb Code     0  libinit2.o(.ARM.Collect$$libinit$$00000013)
    __rt_lib_init_lc_monetary_1              0x08000243   Thumb Code     0  libinit2.o(.ARM.Collect$$libinit$$00000015)
    __rt_lib_init_lc_numeric_1               0x08000243   Thumb Code     0  libinit2.o(.ARM.Collect$$libinit$$00000017)
    __rt_lib_init_lc_time_1                  0x08000243   Thumb Code     0  libinit2.o(.ARM.Collect$$libinit$$00000019)
    __rt_lib_init_preinit_1                  0x08000243   Thumb Code     0  libinit2.o(.ARM.Collect$$libinit$$00000004)
    __rt_lib_init_rand_1                     0x08000243   Thumb Code     0  libinit2.o(.ARM.Collect$$libinit$$0000000E)
    __rt_lib_init_return                     0x08000243   Thumb Code     0  libinit2.o(.ARM.Collect$$libinit$$00000033)
    __rt_lib_init_signal_1                   0x08000243   Thumb Code     0  libinit2.o(.ARM.Collect$$libinit$$0000001D)
    __rt_lib_init_stdio_1                    0x08000243   Thumb Code     0  libinit2.o(.ARM.Collect$$libinit$$00000025)
    __rt_lib_init_user_alloc_1               0x08000243   Thumb Code     0  libinit2.o(.ARM.Collect$$libinit$$0000000C)
    __rt_lib_shutdown                        0x08000245   Thumb Code     0  libshutdown.o(.ARM.Collect$$libshutdown$$00000000)
    __rt_lib_shutdown_cpp_1                  0x08000247   Thumb Code     0  libshutdown2.o(.ARM.Collect$$libshutdown$$00000002)
    __rt_lib_shutdown_fp_trap_1              0x08000247   Thumb Code     0  libshutdown2.o(.ARM.Collect$$libshutdown$$00000007)
    __rt_lib_shutdown_heap_1                 0x08000247   Thumb Code     0  libshutdown2.o(.ARM.Collect$$libshutdown$$0000000F)
    __rt_lib_shutdown_return                 0x08000247   Thumb Code     0  libshutdown2.o(.ARM.Collect$$libshutdown$$00000010)
    __rt_lib_shutdown_signal_1               0x08000247   Thumb Code     0  libshutdown2.o(.ARM.Collect$$libshutdown$$0000000A)
    __rt_lib_shutdown_stdio_1                0x08000247   Thumb Code     0  libshutdown2.o(.ARM.Collect$$libshutdown$$00000004)
    __rt_lib_shutdown_user_alloc_1           0x08000247   Thumb Code     0  libshutdown2.o(.ARM.Collect$$libshutdown$$0000000C)
    __rt_entry                               0x08000249   Thumb Code     0  __rtentry.o(.ARM.Collect$$rtentry$$00000000)
    __rt_entry_presh_1                       0x08000249   Thumb Code     0  __rtentry2.o(.ARM.Collect$$rtentry$$00000002)
    __rt_entry_sh                            0x08000249   Thumb Code     0  __rtentry4.o(.ARM.Collect$$rtentry$$00000004)
    __rt_entry_li                            0x0800024f   Thumb Code     0  __rtentry2.o(.ARM.Collect$$rtentry$$0000000A)
    __rt_entry_postsh_1                      0x0800024f   Thumb Code     0  __rtentry2.o(.ARM.Collect$$rtentry$$00000009)
    __rt_entry_main                          0x08000253   Thumb Code     0  __rtentry2.o(.ARM.Collect$$rtentry$$0000000D)
    __rt_entry_postli_1                      0x08000253   Thumb Code     0  __rtentry2.o(.ARM.Collect$$rtentry$$0000000C)
    __rt_exit                                0x0800025b   Thumb Code     0  rtexit.o(.ARM.Collect$$rtexit$$00000000)
    __rt_exit_ls                             0x0800025d   Thumb Code     0  rtexit2.o(.ARM.Collect$$rtexit$$00000003)
    __rt_exit_prels_1                        0x0800025d   Thumb Code     0  rtexit2.o(.ARM.Collect$$rtexit$$00000002)
    __rt_exit_exit                           0x08000261   Thumb Code     0  rtexit2.o(.ARM.Collect$$rtexit$$00000004)
    Reset_Handler                            0x08000269   Thumb Code     8  startup_stm32f407xx.o(.text)
    ADC_IRQHandler                           0x08000283   Thumb Code     0  startup_stm32f407xx.o(.text)
    CAN1_RX1_IRQHandler                      0x08000283   Thumb Code     0  startup_stm32f407xx.o(.text)
    CAN1_SCE_IRQHandler                      0x08000283   Thumb Code     0  startup_stm32f407xx.o(.text)
    CAN1_TX_IRQHandler                       0x08000283   Thumb Code     0  startup_stm32f407xx.o(.text)
    CAN2_RX1_IRQHandler                      0x08000283   Thumb Code     0  startup_stm32f407xx.o(.text)
    CAN2_SCE_IRQHandler                      0x08000283   Thumb Code     0  startup_stm32f407xx.o(.text)
    CAN2_TX_IRQHandler                       0x08000283   Thumb Code     0  startup_stm32f407xx.o(.text)
    DCMI_IRQHandler                          0x08000283   Thumb Code     0  startup_stm32f407xx.o(.text)
    DMA1_Stream0_IRQHandler                  0x08000283   Thumb Code     0  startup_stm32f407xx.o(.text)
    DMA1_Stream2_IRQHandler                  0x08000283   Thumb Code     0  startup_stm32f407xx.o(.text)
    DMA1_Stream3_IRQHandler                  0x08000283   Thumb Code     0  startup_stm32f407xx.o(.text)
    DMA1_Stream4_IRQHandler                  0x08000283   Thumb Code     0  startup_stm32f407xx.o(.text)
    DMA1_Stream5_IRQHandler                  0x08000283   Thumb Code     0  startup_stm32f407xx.o(.text)
    DMA1_Stream6_IRQHandler                  0x08000283   Thumb Code     0  startup_stm32f407xx.o(.text)
    DMA1_Stream7_IRQHandler                  0x08000283   Thumb Code     0  startup_stm32f407xx.o(.text)
    DMA2_Stream0_IRQHandler                  0x08000283   Thumb Code     0  startup_stm32f407xx.o(.text)
    DMA2_Stream3_IRQHandler                  0x08000283   Thumb Code     0  startup_stm32f407xx.o(.text)
    DMA2_Stream4_IRQHandler                  0x08000283   Thumb Code     0  startup_stm32f407xx.o(.text)
    DMA2_Stream5_IRQHandler                  0x08000283   Thumb Code     0  startup_stm32f407xx.o(.text)
    ETH_IRQHandler                           0x08000283   Thumb Code     0  startup_stm32f407xx.o(.text)
    ETH_WKUP_IRQHandler                      0x08000283   Thumb Code     0  startup_stm32f407xx.o(.text)
    EXTI0_IRQHandler                         0x08000283   Thumb Code     0  startup_stm32f407xx.o(.text)
    EXTI15_10_IRQHandler                     0x08000283   Thumb Code     0  startup_stm32f407xx.o(.text)
    EXTI1_IRQHandler                         0x08000283   Thumb Code     0  startup_stm32f407xx.o(.text)
    EXTI2_IRQHandler                         0x08000283   Thumb Code     0  startup_stm32f407xx.o(.text)
    EXTI3_IRQHandler                         0x08000283   Thumb Code     0  startup_stm32f407xx.o(.text)
    EXTI4_IRQHandler                         0x08000283   Thumb Code     0  startup_stm32f407xx.o(.text)
    EXTI9_5_IRQHandler                       0x08000283   Thumb Code     0  startup_stm32f407xx.o(.text)
    FLASH_IRQHandler                         0x08000283   Thumb Code     0  startup_stm32f407xx.o(.text)
    FMC_IRQHandler                           0x08000283   Thumb Code     0  startup_stm32f407xx.o(.text)
    FPU_IRQHandler                           0x08000283   Thumb Code     0  startup_stm32f407xx.o(.text)
    HASH_RNG_IRQHandler                      0x08000283   Thumb Code     0  startup_stm32f407xx.o(.text)
    I2C1_ER_IRQHandler                       0x08000283   Thumb Code     0  startup_stm32f407xx.o(.text)
    I2C1_EV_IRQHandler                       0x08000283   Thumb Code     0  startup_stm32f407xx.o(.text)
    I2C2_ER_IRQHandler                       0x08000283   Thumb Code     0  startup_stm32f407xx.o(.text)
    I2C2_EV_IRQHandler                       0x08000283   Thumb Code     0  startup_stm32f407xx.o(.text)
    I2C3_ER_IRQHandler                       0x08000283   Thumb Code     0  startup_stm32f407xx.o(.text)
    I2C3_EV_IRQHandler                       0x08000283   Thumb Code     0  startup_stm32f407xx.o(.text)
    OTG_FS_IRQHandler                        0x08000283   Thumb Code     0  startup_stm32f407xx.o(.text)
    OTG_FS_WKUP_IRQHandler                   0x08000283   Thumb Code     0  startup_stm32f407xx.o(.text)
    OTG_HS_EP1_IN_IRQHandler                 0x08000283   Thumb Code     0  startup_stm32f407xx.o(.text)
    OTG_HS_EP1_OUT_IRQHandler                0x08000283   Thumb Code     0  startup_stm32f407xx.o(.text)
    OTG_HS_IRQHandler                        0x08000283   Thumb Code     0  startup_stm32f407xx.o(.text)
    OTG_HS_WKUP_IRQHandler                   0x08000283   Thumb Code     0  startup_stm32f407xx.o(.text)
    PVD_IRQHandler                           0x08000283   Thumb Code     0  startup_stm32f407xx.o(.text)
    RCC_IRQHandler                           0x08000283   Thumb Code     0  startup_stm32f407xx.o(.text)
    RTC_Alarm_IRQHandler                     0x08000283   Thumb Code     0  startup_stm32f407xx.o(.text)
    RTC_WKUP_IRQHandler                      0x08000283   Thumb Code     0  startup_stm32f407xx.o(.text)
    SDIO_IRQHandler                          0x08000283   Thumb Code     0  startup_stm32f407xx.o(.text)
    SPI1_IRQHandler                          0x08000283   Thumb Code     0  startup_stm32f407xx.o(.text)
    SPI2_IRQHandler                          0x08000283   Thumb Code     0  startup_stm32f407xx.o(.text)
    SPI3_IRQHandler                          0x08000283   Thumb Code     0  startup_stm32f407xx.o(.text)
    TAMP_STAMP_IRQHandler                    0x08000283   Thumb Code     0  startup_stm32f407xx.o(.text)
    TIM1_BRK_TIM9_IRQHandler                 0x08000283   Thumb Code     0  startup_stm32f407xx.o(.text)
    TIM1_CC_IRQHandler                       0x08000283   Thumb Code     0  startup_stm32f407xx.o(.text)
    TIM1_TRG_COM_TIM11_IRQHandler            0x08000283   Thumb Code     0  startup_stm32f407xx.o(.text)
    TIM1_UP_TIM10_IRQHandler                 0x08000283   Thumb Code     0  startup_stm32f407xx.o(.text)
    TIM2_IRQHandler                          0x08000283   Thumb Code     0  startup_stm32f407xx.o(.text)
    TIM4_IRQHandler                          0x08000283   Thumb Code     0  startup_stm32f407xx.o(.text)
    TIM5_IRQHandler                          0x08000283   Thumb Code     0  startup_stm32f407xx.o(.text)
    TIM6_DAC_IRQHandler                      0x08000283   Thumb Code     0  startup_stm32f407xx.o(.text)
    TIM7_IRQHandler                          0x08000283   Thumb Code     0  startup_stm32f407xx.o(.text)
    TIM8_BRK_TIM12_IRQHandler                0x08000283   Thumb Code     0  startup_stm32f407xx.o(.text)
    TIM8_CC_IRQHandler                       0x08000283   Thumb Code     0  startup_stm32f407xx.o(.text)
    TIM8_TRG_COM_TIM14_IRQHandler            0x08000283   Thumb Code     0  startup_stm32f407xx.o(.text)
    TIM8_UP_TIM13_IRQHandler                 0x08000283   Thumb Code     0  startup_stm32f407xx.o(.text)
    UART4_IRQHandler                         0x08000283   Thumb Code     0  startup_stm32f407xx.o(.text)
    UART5_IRQHandler                         0x08000283   Thumb Code     0  startup_stm32f407xx.o(.text)
    USART1_IRQHandler                        0x08000283   Thumb Code     0  startup_stm32f407xx.o(.text)
    USART2_IRQHandler                        0x08000283   Thumb Code     0  startup_stm32f407xx.o(.text)
    WWDG_IRQHandler                          0x08000283   Thumb Code     0  startup_stm32f407xx.o(.text)
    __user_initial_stackheap                 0x08000285   Thumb Code     0  startup_stm32f407xx.o(.text)
    __aeabi_uldivmod                         0x080002a9   Thumb Code     0  lludivv7m.o(.text)
    _ll_udiv                                 0x080002a9   Thumb Code   238  lludivv7m.o(.text)
    __aeabi_memcpy                           0x08000397   Thumb Code     0  rt_memcpy_v6.o(.text)
    __rt_memcpy                              0x08000397   Thumb Code   138  rt_memcpy_v6.o(.text)
    _memcpy_lastbytes                        0x080003fd   Thumb Code     0  rt_memcpy_v6.o(.text)
    __aeabi_memclr                           0x08000421   Thumb Code     0  rt_memclr.o(.text)
    __rt_memclr                              0x08000421   Thumb Code    68  rt_memclr.o(.text)
    _memset                                  0x08000425   Thumb Code     0  rt_memclr.o(.text)
    __aeabi_memclr4                          0x08000465   Thumb Code     0  rt_memclr_w.o(.text)
    __aeabi_memclr8                          0x08000465   Thumb Code     0  rt_memclr_w.o(.text)
    __rt_memclr_w                            0x08000465   Thumb Code    78  rt_memclr_w.o(.text)
    _memset_w                                0x08000469   Thumb Code     0  rt_memclr_w.o(.text)
    __use_two_region_memory                  0x080004b3   Thumb Code     2  heapauxi.o(.text)
    __rt_heap_escrow                         0x080004b5   Thumb Code     2  heapauxi.o(.text)
    __rt_heap_expand                         0x080004b7   Thumb Code     2  heapauxi.o(.text)
    __read_errno                             0x080004b9   Thumb Code    10  _rserrno.o(.text)
    __set_errno                              0x080004c3   Thumb Code    12  _rserrno.o(.text)
    __aeabi_memcpy4                          0x080004cf   Thumb Code     0  rt_memcpy_w.o(.text)
    __aeabi_memcpy8                          0x080004cf   Thumb Code     0  rt_memcpy_w.o(.text)
    __rt_memcpy_w                            0x080004cf   Thumb Code   100  rt_memcpy_w.o(.text)
    _memcpy_lastbytes_aligned                0x08000517   Thumb Code     0  rt_memcpy_w.o(.text)
    __user_libspace                          0x08000535   Thumb Code     8  libspace.o(.text)
    __user_perproc_libspace                  0x08000535   Thumb Code     0  libspace.o(.text)
    __user_perthread_libspace                0x08000535   Thumb Code     0  libspace.o(.text)
    __aeabi_errno_addr                       0x0800053d   Thumb Code     8  rt_errno_addr_intlibspace.o(.text)
    __errno$intlibspace                      0x0800053d   Thumb Code     0  rt_errno_addr_intlibspace.o(.text)
    __rt_errno_addr$intlibspace              0x0800053d   Thumb Code     0  rt_errno_addr_intlibspace.o(.text)
    __I$use$semihosting                      0x08000545   Thumb Code     0  use_no_semi.o(.text)
    __use_no_semihosting_swi                 0x08000545   Thumb Code     2  use_no_semi.o(.text)
    __semihosting_library_function           0x08000547   Thumb Code     0  indicate_semi.o(.text)
    __user_setup_stackheap                   0x08000547   Thumb Code    74  sys_stackheap_outer.o(.text)
    exit                                     0x08000591   Thumb Code    18  exit.o(.text)
    _sys_exit                                0x080005a5   Thumb Code     8  sys_exit.o(.text)
    BaseVel_To_WheelVel                      0x080005b1   Thumb Code   168  kinematics.o(i.BaseVel_To_WheelVel)
    BusFault_Handler                         0x08000675   Thumb Code     2  stm32f4xx_it.o(i.BusFault_Handler)
    CAN1_RX0_IRQHandler                      0x08000679   Thumb Code     6  stm32f4xx_it.o(i.CAN1_RX0_IRQHandler)
    CAN2_RX0_IRQHandler                      0x08000685   Thumb Code     6  stm32f4xx_it.o(i.CAN2_RX0_IRQHandler)
    Can_Tx_Message                           0x08000691   Thumb Code    76  bsp_can.o(i.Can_Tx_Message)
    DMA1_Stream1_IRQHandler                  0x080006e9   Thumb Code     6  stm32f4xx_it.o(i.DMA1_Stream1_IRQHandler)
    DMA2_Stream1_IRQHandler                  0x080006f5   Thumb Code     6  stm32f4xx_it.o(i.DMA2_Stream1_IRQHandler)
    DMA2_Stream2_IRQHandler                  0x08000701   Thumb Code     6  stm32f4xx_it.o(i.DMA2_Stream2_IRQHandler)
    DMA2_Stream6_IRQHandler                  0x0800070d   Thumb Code     6  stm32f4xx_it.o(i.DMA2_Stream6_IRQHandler)
    DMA2_Stream7_IRQHandler                  0x08000719   Thumb Code     6  stm32f4xx_it.o(i.DMA2_Stream7_IRQHandler)
    DebugMon_Handler                         0x080007a1   Thumb Code     2  stm32f4xx_it.o(i.DebugMon_Handler)
    Error_Handler                            0x080007a3   Thumb Code     4  main.o(i.Error_Handler)
    HAL_CAN_ActivateNotification             0x080007a7   Thumb Code    36  stm32f4xx_hal_can.o(i.HAL_CAN_ActivateNotification)
    HAL_CAN_AddTxMessage                     0x080007cb   Thumb Code   200  stm32f4xx_hal_can.o(i.HAL_CAN_AddTxMessage)
    HAL_CAN_ConfigFilter                     0x08000895   Thumb Code   262  stm32f4xx_hal_can.o(i.HAL_CAN_ConfigFilter)
    HAL_CAN_ErrorCallback                    0x080009a1   Thumb Code     2  stm32f4xx_hal_can.o(i.HAL_CAN_ErrorCallback)
    HAL_CAN_GetRxMessage                     0x080009a3   Thumb Code   232  stm32f4xx_hal_can.o(i.HAL_CAN_GetRxMessage)
    HAL_CAN_IRQHandler                       0x08000a8b   Thumb Code   508  stm32f4xx_hal_can.o(i.HAL_CAN_IRQHandler)
    HAL_CAN_Init                             0x08000c87   Thumb Code   282  stm32f4xx_hal_can.o(i.HAL_CAN_Init)
    HAL_CAN_MspInit                          0x08000da1   Thumb Code   226  can.o(i.HAL_CAN_MspInit)
    HAL_CAN_RxFifo0FullCallback              0x08000e9d   Thumb Code     2  stm32f4xx_hal_can.o(i.HAL_CAN_RxFifo0FullCallback)
    HAL_CAN_RxFifo0MsgPendingCallback        0x08000ea1   Thumb Code   402  bsp_can.o(i.HAL_CAN_RxFifo0MsgPendingCallback)
    HAL_CAN_RxFifo1FullCallback              0x08001065   Thumb Code     2  stm32f4xx_hal_can.o(i.HAL_CAN_RxFifo1FullCallback)
    HAL_CAN_RxFifo1MsgPendingCallback        0x08001067   Thumb Code     2  stm32f4xx_hal_can.o(i.HAL_CAN_RxFifo1MsgPendingCallback)
    HAL_CAN_SleepCallback                    0x08001069   Thumb Code     2  stm32f4xx_hal_can.o(i.HAL_CAN_SleepCallback)
    HAL_CAN_Start                            0x0800106d   Thumb Code    88  stm32f4xx_hal_can.o(i.HAL_CAN_Start)
    HAL_CAN_TxMailbox0AbortCallback          0x080010c5   Thumb Code     2  stm32f4xx_hal_can.o(i.HAL_CAN_TxMailbox0AbortCallback)
    HAL_CAN_TxMailbox0CompleteCallback       0x080010c7   Thumb Code     2  stm32f4xx_hal_can.o(i.HAL_CAN_TxMailbox0CompleteCallback)
    HAL_CAN_TxMailbox1AbortCallback          0x080010c9   Thumb Code     2  stm32f4xx_hal_can.o(i.HAL_CAN_TxMailbox1AbortCallback)
    HAL_CAN_TxMailbox1CompleteCallback       0x080010cb   Thumb Code     2  stm32f4xx_hal_can.o(i.HAL_CAN_TxMailbox1CompleteCallback)
    HAL_CAN_TxMailbox2AbortCallback          0x080010cd   Thumb Code     2  stm32f4xx_hal_can.o(i.HAL_CAN_TxMailbox2AbortCallback)
    HAL_CAN_TxMailbox2CompleteCallback       0x080010cf   Thumb Code     2  stm32f4xx_hal_can.o(i.HAL_CAN_TxMailbox2CompleteCallback)
    HAL_CAN_WakeUpFromRxMsgCallback          0x080010d1   Thumb Code     2  stm32f4xx_hal_can.o(i.HAL_CAN_WakeUpFromRxMsgCallback)
    HAL_DMA_IRQHandler                       0x080010d5   Thumb Code   412  stm32f4xx_hal_dma.o(i.HAL_DMA_IRQHandler)
    HAL_DMA_Init                             0x08001275   Thumb Code   206  stm32f4xx_hal_dma.o(i.HAL_DMA_Init)
    HAL_GPIO_Init                            0x08001349   Thumb Code   450  stm32f4xx_hal_gpio.o(i.HAL_GPIO_Init)
    HAL_GetTick                              0x08001539   Thumb Code     6  stm32f4xx_hal.o(i.HAL_GetTick)
    HAL_IncTick                              0x08001545   Thumb Code    12  stm32f4xx_hal.o(i.HAL_IncTick)
    HAL_Init                                 0x08001555   Thumb Code    48  stm32f4xx_hal.o(i.HAL_Init)
    HAL_InitTick                             0x08001589   Thumb Code    54  stm32f4xx_hal.o(i.HAL_InitTick)
    HAL_MspInit                              0x080015c9   Thumb Code    42  stm32f4xx_hal_msp.o(i.HAL_MspInit)
    HAL_NVIC_EnableIRQ                       0x080015f9   Thumb Code    26  stm32f4xx_hal_cortex.o(i.HAL_NVIC_EnableIRQ)
    HAL_NVIC_SetPriority                     0x08001615   Thumb Code    60  stm32f4xx_hal_cortex.o(i.HAL_NVIC_SetPriority)
    HAL_NVIC_SetPriorityGrouping             0x08001655   Thumb Code    26  stm32f4xx_hal_cortex.o(i.HAL_NVIC_SetPriorityGrouping)
    HAL_RCC_ClockConfig                      0x08001679   Thumb Code   288  stm32f4xx_hal_rcc.o(i.HAL_RCC_ClockConfig)
    HAL_RCC_GetPCLK1Freq                     0x080017ad   Thumb Code    20  stm32f4xx_hal_rcc.o(i.HAL_RCC_GetPCLK1Freq)
    HAL_RCC_GetPCLK2Freq                     0x080017cd   Thumb Code    20  stm32f4xx_hal_rcc.o(i.HAL_RCC_GetPCLK2Freq)
    HAL_RCC_GetSysClockFreq                  0x080017ed   Thumb Code    88  stm32f4xx_hal_rcc.o(i.HAL_RCC_GetSysClockFreq)
    HAL_RCC_OscConfig                        0x08001851   Thumb Code   856  stm32f4xx_hal_rcc.o(i.HAL_RCC_OscConfig)
    HAL_SYSTICK_Config                       0x08001bbd   Thumb Code    40  stm32f4xx_hal_cortex.o(i.HAL_SYSTICK_Config)
    HAL_TIMEx_BreakCallback                  0x08001be5   Thumb Code     2  stm32f4xx_hal_tim_ex.o(i.HAL_TIMEx_BreakCallback)
    HAL_TIMEx_CommutCallback                 0x08001be7   Thumb Code     2  stm32f4xx_hal_tim_ex.o(i.HAL_TIMEx_CommutCallback)
    HAL_TIMEx_MasterConfigSynchronization    0x08001be9   Thumb Code   116  stm32f4xx_hal_tim_ex.o(i.HAL_TIMEx_MasterConfigSynchronization)
    HAL_TIM_Base_Init                        0x08001c79   Thumb Code    90  stm32f4xx_hal_tim.o(i.HAL_TIM_Base_Init)
    HAL_TIM_Base_MspInit                     0x08001cd5   Thumb Code    50  tim.o(i.HAL_TIM_Base_MspInit)
    HAL_TIM_Base_Start_IT                    0x08001d11   Thumb Code   100  stm32f4xx_hal_tim.o(i.HAL_TIM_Base_Start_IT)
    HAL_TIM_ConfigClockSource                0x08001d91   Thumb Code   220  stm32f4xx_hal_tim.o(i.HAL_TIM_ConfigClockSource)
    HAL_TIM_IC_CaptureCallback               0x08001e6d   Thumb Code     2  stm32f4xx_hal_tim.o(i.HAL_TIM_IC_CaptureCallback)
    HAL_TIM_IRQHandler                       0x08001e6f   Thumb Code   358  stm32f4xx_hal_tim.o(i.HAL_TIM_IRQHandler)
    HAL_TIM_OC_DelayElapsedCallback          0x08001fd5   Thumb Code     2  stm32f4xx_hal_tim.o(i.HAL_TIM_OC_DelayElapsedCallback)
    HAL_TIM_PWM_PulseFinishedCallback        0x08001fd7   Thumb Code     2  stm32f4xx_hal_tim.o(i.HAL_TIM_PWM_PulseFinishedCallback)
    HAL_TIM_PeriodElapsedCallback            0x08001fd9   Thumb Code    96  chassis_task.o(i.HAL_TIM_PeriodElapsedCallback)
    HAL_TIM_TriggerCallback                  0x0800203d   Thumb Code     2  stm32f4xx_hal_tim.o(i.HAL_TIM_TriggerCallback)
    HAL_UART_Init                            0x0800203f   Thumb Code    98  stm32f4xx_hal_uart.o(i.HAL_UART_Init)
    HAL_UART_MspInit                         0x080020a1   Thumb Code   614  usart.o(i.HAL_UART_MspInit)
    HAL_UART_Transmit                        0x08002339   Thumb Code   178  stm32f4xx_hal_uart.o(i.HAL_UART_Transmit)
    HardFault_Handler                        0x080023eb   Thumb Code     2  stm32f4xx_it.o(i.HardFault_Handler)
    MX_CAN1_Init                             0x080023ed   Thumb Code    62  can.o(i.MX_CAN1_Init)
    MX_CAN2_Init                             0x08002435   Thumb Code    62  can.o(i.MX_CAN2_Init)
    MX_DMA_Init                              0x0800247d   Thumb Code   120  dma.o(i.MX_DMA_Init)
    MX_GPIO_Init                             0x080024f9   Thumb Code   102  gpio.o(i.MX_GPIO_Init)
    MX_TIM3_Init                             0x08002565   Thumb Code    94  tim.o(i.MX_TIM3_Init)
    MX_USART1_UART_Init                      0x080025cd   Thumb Code    48  usart.o(i.MX_USART1_UART_Init)
    MX_USART3_UART_Init                      0x08002605   Thumb Code    46  usart.o(i.MX_USART3_UART_Init)
    MX_USART6_UART_Init                      0x08002641   Thumb Code    48  usart.o(i.MX_USART6_UART_Init)
    MemManage_Handler                        0x08002679   Thumb Code     2  stm32f4xx_it.o(i.MemManage_Handler)
    NMI_Handler                              0x0800267b   Thumb Code     2  stm32f4xx_it.o(i.NMI_Handler)
    PID_Init                                 0x0800267d   Thumb Code    94  pid.o(i.PID_Init)
    POWER_PID_Init                           0x080026e1   Thumb Code    42  pid.o(i.POWER_PID_Init)
    PendSV_Handler                           0x08002711   Thumb Code     2  stm32f4xx_it.o(i.PendSV_Handler)
    RC_data_is_error                         0x0800271d   Thumb Code   102  remote_control.o(i.RC_data_is_error)
    SVC_Handler                              0x08002929   Thumb Code     2  stm32f4xx_it.o(i.SVC_Handler)
    SysTick_Handler                          0x0800292b   Thumb Code     4  stm32f4xx_it.o(i.SysTick_Handler)
    SystemClock_Config                       0x08002931   Thumb Code   140  main.o(i.SystemClock_Config)
    SystemInit                               0x080029c5   Thumb Code    12  system_stm32f4xx.o(i.SystemInit)
    TIM3_IRQHandler                          0x080029d5   Thumb Code     6  stm32f4xx_it.o(i.TIM3_IRQHandler)
    TIM_Base_SetConfig                       0x080029e1   Thumb Code   156  stm32f4xx_hal_tim.o(i.TIM_Base_SetConfig)
    TIM_ETR_SetConfig                        0x08002aa9   Thumb Code    20  stm32f4xx_hal_tim.o(i.TIM_ETR_SetConfig)
    Trigger_Motor_Callback                   0x08002b15   Thumb Code   132  trigger_turn.o(i.Trigger_Motor_Callback)
    UI_Display                               0x08002d25   Thumb Code   638  referee_ui.o(i.UI_Display)
    UI_draw_Float                            0x08002fd5   Thumb Code   238  referee_ui.o(i.UI_draw_Float)
    UI_draw_Line                             0x080030d1   Thumb Code   166  referee_ui.o(i.UI_draw_Line)
    USART3_IRQHandler                        0x08003181   Thumb Code   172  remote_control.o(i.USART3_IRQHandler)
    USART6_IRQHandler                        0x08003245   Thumb Code   126  bsp_referee.o(i.USART6_IRQHandler)
    UsageFault_Handler                       0x080032d9   Thumb Code     2  stm32f4xx_it.o(i.UsageFault_Handler)
    Yaw_PIDinit                              0x08003305   Thumb Code    50  yaw_turn.o(i.Yaw_PIDinit)
    __ARM_fpclassify                         0x08003341   Thumb Code    48  fpclassify.o(i.__ARM_fpclassify)
    __hardfp_cos                             0x08003391   Thumb Code   180  cos.o(i.__hardfp_cos)
    __hardfp_sin                             0x08003459   Thumb Code   180  sin.o(i.__hardfp_sin)
    __ieee754_rem_pio2                       0x08003521   Thumb Code   938  rred.o(i.__ieee754_rem_pio2)
    __kernel_cos                             0x08003959   Thumb Code   322  cos_i.o(i.__kernel_cos)
    __kernel_poly                            0x08003ac9   Thumb Code   248  poly.o(i.__kernel_poly)
    __kernel_sin                             0x08003bc1   Thumb Code   280  sin_i.o(i.__kernel_sin)
    __mathlib_dbl_infnan                     0x08003cf1   Thumb Code    20  dunder.o(i.__mathlib_dbl_infnan)
    __mathlib_dbl_invalid                    0x08003d09   Thumb Code    24  dunder.o(i.__mathlib_dbl_invalid)
    __mathlib_dbl_underflow                  0x08003d29   Thumb Code    24  dunder.o(i.__mathlib_dbl_underflow)
    all_init                                 0x08003d49   Thumb Code   248  my_init.o(i.all_init)
    apid_vpid_realize                        0x08004059   Thumb Code   196  pid.o(i.apid_vpid_realize)
    append_CRC16_check_sum                   0x08004121   Thumb Code    36  crc8_crc16.o(i.append_CRC16_check_sum)
    append_CRC8_check_sum                    0x08004149   Thumb Code    28  crc8_crc16.o(i.append_CRC8_check_sum)
    bsp_can_init                             0x08004165   Thumb Code    86  bsp_can.o(i.bsp_can_init)
    buffer_pid_realize                       0x080041c5   Thumb Code   196  pid.o(i.buffer_pid_realize)
    canTX_gimbal_2                           0x08004299   Thumb Code    72  bsp_can.o(i.canTX_gimbal_2)
    canTX_trigger                            0x080042e5   Thumb Code    68  trigger_turn.o(i.canTX_trigger)
    canTX_yaw                                0x0800432d   Thumb Code    68  yaw_turn.o(i.canTX_yaw)
    chassis_move                             0x080043d1   Thumb Code    52  chassis_move.o(i.chassis_move)
    chassis_spin                             0x08004669   Thumb Code   256  chassis_move.o(i.chassis_spin)
    fabs                                     0x08004779   Thumb Code    24  fabs.o(i.fabs)
    fifo_s_get                               0x08004791   Thumb Code    44  fifo.o(i.fifo_s_get)
    fifo_s_init                              0x080047bd   Thumb Code    22  fifo.o(i.fifo_s_init)
    fifo_s_puts                              0x080047d3   Thumb Code   124  fifo.o(i.fifo_s_puts)
    fifo_s_used                              0x0800484f   Thumb Code     4  fifo.o(i.fifo_s_used)
    find_max                                 0x08004855   Thumb Code    90  kinematics.o(i.find_max)
    get_CRC16_check_sum                      0x080048c1   Thumb Code    38  crc8_crc16.o(i.get_CRC16_check_sum)
    get_CRC8_check_sum                       0x080048ed   Thumb Code    24  crc8_crc16.o(i.get_CRC8_check_sum)
    get_chassis_power_and_buffer_and_max     0x080049b5   Thumb Code    22  referee.o(i.get_chassis_power_and_buffer_and_max)
    get_robot_id                             0x08004a8d   Thumb Code     6  referee.o(i.get_robot_id)
    init_referee_struct_data                 0x08004a99   Thumb Code   126  referee.o(i.init_referee_struct_data)
    main                                     0x08004b21   Thumb Code    60  main.o(i.main)
    mode_init                                0x08004b65   Thumb Code    36  my_init.o(i.mode_init)
    motor_pid_init                           0x08004b9d   Thumb Code    60  pid.o(i.motor_pid_init)
    pid_realize                              0x08004bdd   Thumb Code    62  pid.o(i.pid_realize)
    power_pid_realize                        0x08004ec1   Thumb Code   172  pid.o(i.power_pid_realize)
    referee_data_solve                       0x080050d1   Thumb Code   296  referee.o(i.referee_data_solve)
    referee_unpack_fifo_data                 0x08005201   Thumb Code   266  referee.o(i.referee_unpack_fifo_data)
    referee_usart_fifo_init                  0x08005319   Thumb Code    34  bsp_referee.o(i.referee_usart_fifo_init)
    remote_control_init                      0x08005345   Thumb Code    12  remote_control.o(i.remote_control_init)
    send_gimbal_data_2                       0x080053ed   Thumb Code    40  bsp_can.o(i.send_gimbal_data_2)
    shoot_angle_clc                          0x0800541d   Thumb Code   108  trigger_turn.o(i.shoot_angle_clc)
    step_flag_judge                          0x08005495   Thumb Code   424  chassis_move.o(i.step_flag_judge)
    step_star                                0x08005649   Thumb Code   300  chassis_move.o(i.step_star)
    trigger_all_init                         0x08005779   Thumb Code    56  trigger_turn.o(i.trigger_all_init)
    trigger_turn                             0x080057f9   Thumb Code    66  trigger_turn.o(i.trigger_turn)
    verify_CRC16_check_sum                   0x08005849   Thumb Code    54  crc8_crc16.o(i.verify_CRC16_check_sum)
    verify_CRC8_check_sum                    0x08005885   Thumb Code    38  crc8_crc16.o(i.verify_CRC8_check_sum)
    yaw_turn                                 0x080059c1   Thumb Code    10  yaw_turn.o(i.yaw_turn)
    __aeabi_dneg                             0x080059d1   Thumb Code     0  basic.o(x$fpl$basic)
    _dneg                                    0x080059d1   Thumb Code     6  basic.o(x$fpl$basic)
    __aeabi_fneg                             0x080059d7   Thumb Code     0  basic.o(x$fpl$basic)
    _fneg                                    0x080059d7   Thumb Code     6  basic.o(x$fpl$basic)
    _dabs                                    0x080059dd   Thumb Code     6  basic.o(x$fpl$basic)
    _fabs                                    0x080059e3   Thumb Code     6  basic.o(x$fpl$basic)
    __aeabi_d2f                              0x080059e9   Thumb Code     0  d2f.o(x$fpl$d2f)
    _d2f                                     0x080059e9   Thumb Code    98  d2f.o(x$fpl$d2f)
    __aeabi_dadd                             0x08005a4d   Thumb Code     0  daddsub_clz.o(x$fpl$dadd)
    _dadd                                    0x08005a4d   Thumb Code   332  daddsub_clz.o(x$fpl$dadd)
    __fpl_dcmp_Inf                           0x08005b9d   Thumb Code    24  dcmpi.o(x$fpl$dcmpinf)
    __aeabi_ddiv                             0x08005bb5   Thumb Code     0  ddiv.o(x$fpl$ddiv)
    _ddiv                                    0x08005bb5   Thumb Code   552  ddiv.o(x$fpl$ddiv)
    __aeabi_d2iz                             0x08005e65   Thumb Code     0  dfix.o(x$fpl$dfix)
    _dfix                                    0x08005e65   Thumb Code    94  dfix.o(x$fpl$dfix)
    __aeabi_i2d                              0x08005ec3   Thumb Code     0  dflt_clz.o(x$fpl$dflt)
    _dflt                                    0x08005ec3   Thumb Code    46  dflt_clz.o(x$fpl$dflt)
    __aeabi_ui2d                             0x08005ef1   Thumb Code     0  dflt_clz.o(x$fpl$dfltu)
    _dfltu                                   0x08005ef1   Thumb Code    38  dflt_clz.o(x$fpl$dfltu)
    __aeabi_cdcmple                          0x08005f19   Thumb Code     0  dleqf.o(x$fpl$dleqf)
    _dcmple                                  0x08005f19   Thumb Code   120  dleqf.o(x$fpl$dleqf)
    __fpl_dcmple_InfNaN                      0x08005f7b   Thumb Code     0  dleqf.o(x$fpl$dleqf)
    __aeabi_dmul                             0x08005f91   Thumb Code     0  dmul.o(x$fpl$dmul)
    _dmul                                    0x08005f91   Thumb Code   332  dmul.o(x$fpl$dmul)
    __fpl_dnaninf                            0x080060e5   Thumb Code   156  dnaninf.o(x$fpl$dnaninf)
    __fpl_dretinf                            0x08006181   Thumb Code    12  dretinf.o(x$fpl$dretinf)
    __aeabi_cdrcmple                         0x0800618d   Thumb Code     0  drleqf.o(x$fpl$drleqf)
    _drcmple                                 0x0800618d   Thumb Code   108  drleqf.o(x$fpl$drleqf)
    __aeabi_drsub                            0x080061f9   Thumb Code     0  daddsub_clz.o(x$fpl$drsb)
    _drsb                                    0x080061f9   Thumb Code    22  daddsub_clz.o(x$fpl$drsb)
    __aeabi_dsub                             0x08006211   Thumb Code     0  daddsub_clz.o(x$fpl$dsub)
    _dsub                                    0x08006211   Thumb Code   464  daddsub_clz.o(x$fpl$dsub)
    __aeabi_f2d                              0x080063e5   Thumb Code     0  f2d.o(x$fpl$f2d)
    _f2d                                     0x080063e5   Thumb Code    86  f2d.o(x$fpl$f2d)
    __fpl_fnaninf                            0x0800643b   Thumb Code   140  fnaninf.o(x$fpl$fnaninf)
    _fp_init                                 0x080064c7   Thumb Code    10  fpinit.o(x$fpl$fpinit)
    __fplib_config_fpu_vfp                   0x080064cf   Thumb Code     0  fpinit.o(x$fpl$fpinit)
    __fplib_config_pureend_doubles           0x080064cf   Thumb Code     0  fpinit.o(x$fpl$fpinit)
    __fpl_fretinf                            0x080064d1   Thumb Code    10  fretinf.o(x$fpl$fretinf)
    __I$use$fp                               0x080064da   Number         0  usenofp.o(x$fpl$usenofp)
    AHBPrescTable                            0x080064e2   Data          16  system_stm32f4xx.o(.constdata)
    APBPrescTable                            0x080064f2   Data           8  system_stm32f4xx.o(.constdata)
    CRC8_table                               0x080064fa   Data         256  crc8_crc16.o(.constdata)
    wCRC_table                               0x080065fa   Data         512  crc8_crc16.o(.constdata)
    Region$$Table$$Base                      0x08006920   Number         0  anon$$obj.o(Region$$Table)
    Region$$Table$$Limit                     0x08006940   Number         0  anon$$obj.o(Region$$Table)
    uwTickFreq                               0x20000004   Data           1  stm32f4xx_hal.o(.data)
    uwTickPrio                               0x20000008   Data           4  stm32f4xx_hal.o(.data)
    uwTick                                   0x2000000c   Data           4  stm32f4xx_hal.o(.data)
    SystemCoreClock                          0x20000010   Data           4  system_stm32f4xx.o(.data)
    switch_flag                              0x20000014   Data           1  pid.o(.data)
    CHASSIS_vPID_max                         0x20000018   Data           4  pid.o(.data)
    shoot_flag                               0x2000001c   Data           4  chassis_move.o(.data)
    step_flag                                0x20000020   Data           1  chassis_move.o(.data)
    buffer                                   0x20000022   Data           2  chassis_move.o(.data)
    max_power                                0x20000024   Data           2  chassis_move.o(.data)
    flag3                                    0x20000028   Data           4  chassis_move.o(.data)
    step_times_x                             0x2000002c   Data           4  chassis_move.o(.data)
    step_times_y                             0x20000030   Data           4  chassis_move.o(.data)
    TIME_LIMIT_X                             0x20000034   Data           4  chassis_move.o(.data)
    TIME_LIMIT_Y                             0x20000038   Data           4  chassis_move.o(.data)
    STEP_VALUE                               0x2000003c   Data           4  chassis_move.o(.data)
    flag1                                    0x20000040   Data           4  chassis_move.o(.data)
    BUFFER_MAX                               0x20000044   Data           4  chassis_move.o(.data)
    total_current                            0x20000048   Data           4  chassis_move.o(.data)
    power                                    0x2000004c   Data           4  chassis_move.o(.data)
    avx                                      0x20000050   Data           4  chassis_move.o(.data)
    avy                                      0x20000054   Data           4  chassis_move.o(.data)
    last_vx                                  0x20000058   Data           4  chassis_move.o(.data)
    last_vy                                  0x2000005c   Data           4  chassis_move.o(.data)
    K_VX                                     0x20000060   Data           4  chassis_move.o(.data)
    K_VY                                     0x20000064   Data           4  chassis_move.o(.data)
    B_VX                                     0x20000068   Data           4  chassis_move.o(.data)
    B_VY                                     0x2000006c   Data           4  chassis_move.o(.data)
    vx                                       0x20000070   Data           4  chassis_move.o(.data)
    vy                                       0x20000074   Data           4  chassis_move.o(.data)
    wz                                       0x20000078   Data           4  chassis_move.o(.data)
    theta                                    0x2000007c   Data           4  chassis_move.o(.data)
    temp1                                    0x20000080   Data           4  chassis_move.o(.data)
    last_power                               0x20000084   Data           4  chassis_move.o(.data)
    power_scale                              0x20000088   Data           4  chassis_move.o(.data)
    buffer_scale                             0x2000008c   Data           4  chassis_move.o(.data)
    rc_ctrl                                  0x2000009e   Data          22  remote_control.o(.data)
    byte_global                              0x200000b4   Data           1  referee.o(.data)
    game_result                              0x200000b5   Data           1  referee.o(.data)
    buff_musk_t                              0x200000b6   Data           1  referee.o(.data)
    robot_energy_t                           0x200000b7   Data           1  referee.o(.data)
    robot_hurt_t                             0x200000b8   Data           1  referee.o(.data)
    referee_warning_t                        0x200000b9   Data           2  referee.o(.data)
    supply_projectile_booking_t              0x200000bb   Data           3  referee.o(.data)
    field_event                              0x200000be   Data           4  referee.o(.data)
    supply_projectile_action_t               0x200000c2   Data           4  referee.o(.data)
    temp                                     0x200000c8   Data           4  referee.o(.data)
    referee_receive_header                   0x200000cc   Data           5  referee.o(.data)
    referee_send_header                      0x200000d1   Data           5  referee.o(.data)
    bullet_remaining_t                       0x200000d6   Data           6  referee.o(.data)
    student_interactive_data_t               0x200000dc   Data           6  referee.o(.data)
    shoot_data_t                             0x200000e2   Data           7  referee.o(.data)
    TriggerSpeed                             0x200000ec   Data          20  trigger_turn.o(.data)
    TriggerAngle                             0x20000100   Data          20  trigger_turn.o(.data)
    yaw_ch2                                  0x20000114   Data           2  yaw_turn.o(.data)
    yaw_target_angle                         0x20000118   Data           4  yaw_turn.o(.data)
    yaw_target_speed                         0x2000011c   Data           4  yaw_turn.o(.data)
    YawEncondePid                            0x20000120   Data          20  yaw_turn.o(.data)
    YawEncondePidSpeed                       0x20000134   Data          20  yaw_turn.o(.data)
    YawSpeedPid                              0x20000148   Data          20  yaw_turn.o(.data)
    seq                                      0x2000015c   Data           1  referee_ui.o(.data)
    Sender_ID                                0x2000015e   Data           2  referee_ui.o(.data)
    Receiver_ID                              0x20000160   Data           2  referee_ui.o(.data)
    supercap_volt                            0x20000164   Data           4  supercap.o(.data)
    flag9                                    0x20000168   Data           4  bsp_can.o(.data)
    flag4                                    0x2000016c   Data           4  bsp_can.o(.data)
    mode_now                                 0x20000170   Data           4  bsp_can.o(.data)
    pich_angle                               0x20000174   Data           4  bsp_can.o(.data)
    data                                     0x20000178   Data           8  bsp_can.o(.data)
    CRC16_INIT                               0x20000182   Data           2  crc8_crc16.o(.data)
    hcan1                                    0x20000184   Data          40  can.o(.bss)
    hcan2                                    0x200001ac   Data          40  can.o(.bss)
    htim3                                    0x200001d4   Data          72  tim.o(.bss)
    huart1                                   0x2000021c   Data          68  usart.o(.bss)
    huart3                                   0x20000260   Data          68  usart.o(.bss)
    huart6                                   0x200002a4   Data          68  usart.o(.bss)
    hdma_usart1_rx                           0x200002e8   Data          96  usart.o(.bss)
    hdma_usart1_tx                           0x20000348   Data          96  usart.o(.bss)
    hdma_usart3_rx                           0x200003a8   Data          96  usart.o(.bss)
    hdma_usart6_rx                           0x20000408   Data          96  usart.o(.bss)
    hdma_usart6_tx                           0x20000468   Data          96  usart.o(.bss)
    Kinematics                               0x200004c8   Data          88  kinematics.o(.bss)
    b_pid                                    0x20000520   Data          60  chassis_move.o(.bss)
    chassis_control_order                    0x2000055c   Data          10  chassis_move.o(.bss)
    chassis_motor1                           0x20000568   Data         280  chassis_move.o(.bss)
    chassis_motor2                           0x20000680   Data         280  chassis_move.o(.bss)
    chassis_motor3                           0x20000798   Data         280  chassis_move.o(.bss)
    chassis_motor4                           0x200008b0   Data         280  chassis_move.o(.bss)
    chassis_center                           0x200009c8   Data         280  chassis_move.o(.bss)
    p_pid                                    0x20000ae0   Data          52  chassis_move.o(.bss)
    referee_unpack_obj                       0x20000b5c   Data         137  referee.o(.bss)
    game_state                               0x20000be5   Data          11  referee.o(.bss)
    game_robot_HP_t                          0x20000bf0   Data          32  referee.o(.bss)
    robot_state                              0x20000c10   Data          27  referee.o(.bss)
    power_heat_data_t                        0x20000c2b   Data          16  referee.o(.bss)
    game_robot_pos_t                         0x20000c3b   Data          16  referee.o(.bss)
    trigger                                  0x20000c4c   Data         192  trigger_turn.o(.bss)
    YawGyroPid                               0x20000d0c   Data          20  yaw_turn.o(.bss)
    gimbal_y                                 0x20000d20   Data         324  yaw_turn.o(.bss)
    yaw_can_rx                               0x20000e64   Data          16  can_receive.o(.bss)
    ext_student_interactive_header_data_graphic 0x20000e74   Data          21  referee_ui.o(.bss)
    ext_student_interactive_header_data_character 0x20000e89   Data          51  referee_ui.o(.bss)
    adata                                    0x20000ebc   Data          16  bsp_can.o(.bss)
    usart6_buf                               0x20000ecc   Data        1024  bsp_referee.o(.bss)
    referee_fifo                             0x200012cc   Data          24  bsp_referee.o(.bss)
    referee_fifo_buf                         0x200012e4   Data        1024  bsp_referee.o(.bss)
    __libspace_start                         0x200016e4   Data          96  libspace.o(.bss)
    __temporary_stack_top$libspace           0x20001744   Data           0  libspace.o(.bss)



==============================================================================

Memory Map of the image

  Image Entry point : 0x08000189

  Load Region LR_IROM1 (Base: 0x08000000, Size: 0x00006ac4, Max: 0x00100000, ABSOLUTE, COMPRESSED[0x000069a8])

    Execution Region ER_IROM1 (Exec base: 0x08000000, Load base: 0x08000000, Size: 0x00006940, Max: 0x00100000, ABSOLUTE)

    Exec Addr    Load Addr    Size         Type   Attr      Idx    E Section Name        Object

    0x08000000   0x08000000   0x00000188   Data   RO            3    RESET               startup_stm32f407xx.o
    0x08000188   0x08000188   0x00000008   Code   RO         4533  * !!!main             c_w.l(__main.o)
    0x08000190   0x08000190   0x00000034   Code   RO         4860    !!!scatter          c_w.l(__scatter.o)
    0x080001c4   0x080001c4   0x0000005a   Code   RO         4858    !!dczerorl2         c_w.l(__dczerorl2.o)
    0x0800021e   0x0800021e   0x00000002   PAD
    0x08000220   0x08000220   0x0000001c   Code   RO         4862    !!handler_zi        c_w.l(__scatter_zi.o)
    0x0800023c   0x0800023c   0x00000002   Code   RO         4797    .ARM.Collect$$libinit$$00000000  c_w.l(libinit.o)
    0x0800023e   0x0800023e   0x00000004   Code   RO         4627    .ARM.Collect$$libinit$$00000001  c_w.l(libinit2.o)
    0x08000242   0x08000242   0x00000000   Code   RO         4630    .ARM.Collect$$libinit$$00000004  c_w.l(libinit2.o)
    0x08000242   0x08000242   0x00000000   Code   RO         4633    .ARM.Collect$$libinit$$0000000A  c_w.l(libinit2.o)
    0x08000242   0x08000242   0x00000000   Code   RO         4635    .ARM.Collect$$libinit$$0000000C  c_w.l(libinit2.o)
    0x08000242   0x08000242   0x00000000   Code   RO         4637    .ARM.Collect$$libinit$$0000000E  c_w.l(libinit2.o)
    0x08000242   0x08000242   0x00000000   Code   RO         4640    .ARM.Collect$$libinit$$00000011  c_w.l(libinit2.o)
    0x08000242   0x08000242   0x00000000   Code   RO         4642    .ARM.Collect$$libinit$$00000013  c_w.l(libinit2.o)
    0x08000242   0x08000242   0x00000000   Code   RO         4644    .ARM.Collect$$libinit$$00000015  c_w.l(libinit2.o)
    0x08000242   0x08000242   0x00000000   Code   RO         4646    .ARM.Collect$$libinit$$00000017  c_w.l(libinit2.o)
    0x08000242   0x08000242   0x00000000   Code   RO         4648    .ARM.Collect$$libinit$$00000019  c_w.l(libinit2.o)
    0x08000242   0x08000242   0x00000000   Code   RO         4650    .ARM.Collect$$libinit$$0000001B  c_w.l(libinit2.o)
    0x08000242   0x08000242   0x00000000   Code   RO         4652    .ARM.Collect$$libinit$$0000001D  c_w.l(libinit2.o)
    0x08000242   0x08000242   0x00000000   Code   RO         4654    .ARM.Collect$$libinit$$0000001F  c_w.l(libinit2.o)
    0x08000242   0x08000242   0x00000000   Code   RO         4656    .ARM.Collect$$libinit$$00000021  c_w.l(libinit2.o)
    0x08000242   0x08000242   0x00000000   Code   RO         4658    .ARM.Collect$$libinit$$00000023  c_w.l(libinit2.o)
    0x08000242   0x08000242   0x00000000   Code   RO         4660    .ARM.Collect$$libinit$$00000025  c_w.l(libinit2.o)
    0x08000242   0x08000242   0x00000000   Code   RO         4664    .ARM.Collect$$libinit$$0000002C  c_w.l(libinit2.o)
    0x08000242   0x08000242   0x00000000   Code   RO         4666    .ARM.Collect$$libinit$$0000002E  c_w.l(libinit2.o)
    0x08000242   0x08000242   0x00000000   Code   RO         4668    .ARM.Collect$$libinit$$00000030  c_w.l(libinit2.o)
    0x08000242   0x08000242   0x00000000   Code   RO         4670    .ARM.Collect$$libinit$$00000032  c_w.l(libinit2.o)
    0x08000242   0x08000242   0x00000002   Code   RO         4671    .ARM.Collect$$libinit$$00000033  c_w.l(libinit2.o)
    0x08000244   0x08000244   0x00000002   Code   RO         4855    .ARM.Collect$$libshutdown$$00000000  c_w.l(libshutdown.o)
    0x08000246   0x08000246   0x00000000   Code   RO         4813    .ARM.Collect$$libshutdown$$00000002  c_w.l(libshutdown2.o)
    0x08000246   0x08000246   0x00000000   Code   RO         4815    .ARM.Collect$$libshutdown$$00000004  c_w.l(libshutdown2.o)
    0x08000246   0x08000246   0x00000000   Code   RO         4818    .ARM.Collect$$libshutdown$$00000007  c_w.l(libshutdown2.o)
    0x08000246   0x08000246   0x00000000   Code   RO         4821    .ARM.Collect$$libshutdown$$0000000A  c_w.l(libshutdown2.o)
    0x08000246   0x08000246   0x00000000   Code   RO         4823    .ARM.Collect$$libshutdown$$0000000C  c_w.l(libshutdown2.o)
    0x08000246   0x08000246   0x00000000   Code   RO         4826    .ARM.Collect$$libshutdown$$0000000F  c_w.l(libshutdown2.o)
    0x08000246   0x08000246   0x00000002   Code   RO         4827    .ARM.Collect$$libshutdown$$00000010  c_w.l(libshutdown2.o)
    0x08000248   0x08000248   0x00000000   Code   RO         4591    .ARM.Collect$$rtentry$$00000000  c_w.l(__rtentry.o)
    0x08000248   0x08000248   0x00000000   Code   RO         4719    .ARM.Collect$$rtentry$$00000002  c_w.l(__rtentry2.o)
    0x08000248   0x08000248   0x00000006   Code   RO         4731    .ARM.Collect$$rtentry$$00000004  c_w.l(__rtentry4.o)
    0x0800024e   0x0800024e   0x00000000   Code   RO         4721    .ARM.Collect$$rtentry$$00000009  c_w.l(__rtentry2.o)
    0x0800024e   0x0800024e   0x00000004   Code   RO         4722    .ARM.Collect$$rtentry$$0000000A  c_w.l(__rtentry2.o)
    0x08000252   0x08000252   0x00000000   Code   RO         4724    .ARM.Collect$$rtentry$$0000000C  c_w.l(__rtentry2.o)
    0x08000252   0x08000252   0x00000008   Code   RO         4725    .ARM.Collect$$rtentry$$0000000D  c_w.l(__rtentry2.o)
    0x0800025a   0x0800025a   0x00000002   Code   RO         4800    .ARM.Collect$$rtexit$$00000000  c_w.l(rtexit.o)
    0x0800025c   0x0800025c   0x00000000   Code   RO         4831    .ARM.Collect$$rtexit$$00000002  c_w.l(rtexit2.o)
    0x0800025c   0x0800025c   0x00000004   Code   RO         4832    .ARM.Collect$$rtexit$$00000003  c_w.l(rtexit2.o)
    0x08000260   0x08000260   0x00000006   Code   RO         4833    .ARM.Collect$$rtexit$$00000004  c_w.l(rtexit2.o)
    0x08000266   0x08000266   0x00000002   PAD
    0x08000268   0x08000268   0x00000040   Code   RO            4    .text               startup_stm32f407xx.o
    0x080002a8   0x080002a8   0x000000ee   Code   RO         4523    .text               c_w.l(lludivv7m.o)
    0x08000396   0x08000396   0x0000008a   Code   RO         4525    .text               c_w.l(rt_memcpy_v6.o)
    0x08000420   0x08000420   0x00000044   Code   RO         4527    .text               c_w.l(rt_memclr.o)
    0x08000464   0x08000464   0x0000004e   Code   RO         4529    .text               c_w.l(rt_memclr_w.o)
    0x080004b2   0x080004b2   0x00000006   Code   RO         4531    .text               c_w.l(heapauxi.o)
    0x080004b8   0x080004b8   0x00000016   Code   RO         4621    .text               c_w.l(_rserrno.o)
    0x080004ce   0x080004ce   0x00000064   Code   RO         4623    .text               c_w.l(rt_memcpy_w.o)
    0x08000532   0x08000532   0x00000002   PAD
    0x08000534   0x08000534   0x00000008   Code   RO         4715    .text               c_w.l(libspace.o)
    0x0800053c   0x0800053c   0x00000008   Code   RO         4738    .text               c_w.l(rt_errno_addr_intlibspace.o)
    0x08000544   0x08000544   0x00000002   Code   RO         4769    .text               c_w.l(use_no_semi.o)
    0x08000546   0x08000546   0x00000000   Code   RO         4771    .text               c_w.l(indicate_semi.o)
    0x08000546   0x08000546   0x0000004a   Code   RO         4772    .text               c_w.l(sys_stackheap_outer.o)
    0x08000590   0x08000590   0x00000012   Code   RO         4778    .text               c_w.l(exit.o)
    0x080005a2   0x080005a2   0x00000002   PAD
    0x080005a4   0x080005a4   0x0000000c   Code   RO         4798    .text               c_w.l(sys_exit.o)
    0x080005b0   0x080005b0   0x000000c4   Code   RO         3439    i.BaseVel_To_WheelVel  kinematics.o
    0x08000674   0x08000674   0x00000002   Code   RO          483    i.BusFault_Handler  stm32f4xx_it.o
    0x08000676   0x08000676   0x00000002   PAD
    0x08000678   0x08000678   0x0000000c   Code   RO          484    i.CAN1_RX0_IRQHandler  stm32f4xx_it.o
    0x08000684   0x08000684   0x0000000c   Code   RO          485    i.CAN2_RX0_IRQHandler  stm32f4xx_it.o
    0x08000690   0x08000690   0x00000058   Code   RO         4069    i.Can_Tx_Message    bsp_can.o
    0x080006e8   0x080006e8   0x0000000c   Code   RO          486    i.DMA1_Stream1_IRQHandler  stm32f4xx_it.o
    0x080006f4   0x080006f4   0x0000000c   Code   RO          487    i.DMA2_Stream1_IRQHandler  stm32f4xx_it.o
    0x08000700   0x08000700   0x0000000c   Code   RO          488    i.DMA2_Stream2_IRQHandler  stm32f4xx_it.o
    0x0800070c   0x0800070c   0x0000000c   Code   RO          489    i.DMA2_Stream6_IRQHandler  stm32f4xx_it.o
    0x08000718   0x08000718   0x0000000c   Code   RO          490    i.DMA2_Stream7_IRQHandler  stm32f4xx_it.o
    0x08000724   0x08000724   0x00000028   Code   RO         1323    i.DMA_CalcBaseAndBitshift  stm32f4xx_hal_dma.o
    0x0800074c   0x0800074c   0x00000054   Code   RO         1324    i.DMA_CheckFifoParam  stm32f4xx_hal_dma.o
    0x080007a0   0x080007a0   0x00000002   Code   RO          491    i.DebugMon_Handler  stm32f4xx_it.o
    0x080007a2   0x080007a2   0x00000004   Code   RO          224    i.Error_Handler     main.o
    0x080007a6   0x080007a6   0x00000024   Code   RO          631    i.HAL_CAN_ActivateNotification  stm32f4xx_hal_can.o
    0x080007ca   0x080007ca   0x000000c8   Code   RO          632    i.HAL_CAN_AddTxMessage  stm32f4xx_hal_can.o
    0x08000892   0x08000892   0x00000002   PAD
    0x08000894   0x08000894   0x0000010c   Code   RO          633    i.HAL_CAN_ConfigFilter  stm32f4xx_hal_can.o
    0x080009a0   0x080009a0   0x00000002   Code   RO          636    i.HAL_CAN_ErrorCallback  stm32f4xx_hal_can.o
    0x080009a2   0x080009a2   0x000000e8   Code   RO          639    i.HAL_CAN_GetRxMessage  stm32f4xx_hal_can.o
    0x08000a8a   0x08000a8a   0x000001fc   Code   RO          643    i.HAL_CAN_IRQHandler  stm32f4xx_hal_can.o
    0x08000c86   0x08000c86   0x0000011a   Code   RO          644    i.HAL_CAN_Init      stm32f4xx_hal_can.o
    0x08000da0   0x08000da0   0x000000fc   Code   RO          315    i.HAL_CAN_MspInit   can.o
    0x08000e9c   0x08000e9c   0x00000002   Code   RO          651    i.HAL_CAN_RxFifo0FullCallback  stm32f4xx_hal_can.o
    0x08000e9e   0x08000e9e   0x00000002   PAD
    0x08000ea0   0x08000ea0   0x000001c4   Code   RO         4070    i.HAL_CAN_RxFifo0MsgPendingCallback  bsp_can.o
    0x08001064   0x08001064   0x00000002   Code   RO          653    i.HAL_CAN_RxFifo1FullCallback  stm32f4xx_hal_can.o
    0x08001066   0x08001066   0x00000002   Code   RO          654    i.HAL_CAN_RxFifo1MsgPendingCallback  stm32f4xx_hal_can.o
    0x08001068   0x08001068   0x00000002   Code   RO          655    i.HAL_CAN_SleepCallback  stm32f4xx_hal_can.o
    0x0800106a   0x0800106a   0x00000002   PAD
    0x0800106c   0x0800106c   0x00000058   Code   RO          656    i.HAL_CAN_Start     stm32f4xx_hal_can.o
    0x080010c4   0x080010c4   0x00000002   Code   RO          658    i.HAL_CAN_TxMailbox0AbortCallback  stm32f4xx_hal_can.o
    0x080010c6   0x080010c6   0x00000002   Code   RO          659    i.HAL_CAN_TxMailbox0CompleteCallback  stm32f4xx_hal_can.o
    0x080010c8   0x080010c8   0x00000002   Code   RO          660    i.HAL_CAN_TxMailbox1AbortCallback  stm32f4xx_hal_can.o
    0x080010ca   0x080010ca   0x00000002   Code   RO          661    i.HAL_CAN_TxMailbox1CompleteCallback  stm32f4xx_hal_can.o
    0x080010cc   0x080010cc   0x00000002   Code   RO          662    i.HAL_CAN_TxMailbox2AbortCallback  stm32f4xx_hal_can.o
    0x080010ce   0x080010ce   0x00000002   Code   RO          663    i.HAL_CAN_TxMailbox2CompleteCallback  stm32f4xx_hal_can.o
    0x080010d0   0x080010d0   0x00000002   Code   RO          665    i.HAL_CAN_WakeUpFromRxMsgCallback  stm32f4xx_hal_can.o
    0x080010d2   0x080010d2   0x00000002   PAD
    0x080010d4   0x080010d4   0x000001a0   Code   RO         1331    i.HAL_DMA_IRQHandler  stm32f4xx_hal_dma.o
    0x08001274   0x08001274   0x000000d4   Code   RO         1332    i.HAL_DMA_Init      stm32f4xx_hal_dma.o
    0x08001348   0x08001348   0x000001f0   Code   RO         1219    i.HAL_GPIO_Init     stm32f4xx_hal_gpio.o
    0x08001538   0x08001538   0x0000000c   Code   RO         1751    i.HAL_GetTick       stm32f4xx_hal.o
    0x08001544   0x08001544   0x00000010   Code   RO         1757    i.HAL_IncTick       stm32f4xx_hal.o
    0x08001554   0x08001554   0x00000034   Code   RO         1758    i.HAL_Init          stm32f4xx_hal.o
    0x08001588   0x08001588   0x00000040   Code   RO         1759    i.HAL_InitTick      stm32f4xx_hal.o
    0x080015c8   0x080015c8   0x00000030   Code   RO          606    i.HAL_MspInit       stm32f4xx_hal_msp.o
    0x080015f8   0x080015f8   0x0000001a   Code   RO         1608    i.HAL_NVIC_EnableIRQ  stm32f4xx_hal_cortex.o
    0x08001612   0x08001612   0x00000002   PAD
    0x08001614   0x08001614   0x00000040   Code   RO         1614    i.HAL_NVIC_SetPriority  stm32f4xx_hal_cortex.o
    0x08001654   0x08001654   0x00000024   Code   RO         1615    i.HAL_NVIC_SetPriorityGrouping  stm32f4xx_hal_cortex.o
    0x08001678   0x08001678   0x00000134   Code   RO          865    i.HAL_RCC_ClockConfig  stm32f4xx_hal_rcc.o
    0x080017ac   0x080017ac   0x00000020   Code   RO          872    i.HAL_RCC_GetPCLK1Freq  stm32f4xx_hal_rcc.o
    0x080017cc   0x080017cc   0x00000020   Code   RO          873    i.HAL_RCC_GetPCLK2Freq  stm32f4xx_hal_rcc.o
    0x080017ec   0x080017ec   0x00000064   Code   RO          874    i.HAL_RCC_GetSysClockFreq  stm32f4xx_hal_rcc.o
    0x08001850   0x08001850   0x0000036c   Code   RO          877    i.HAL_RCC_OscConfig  stm32f4xx_hal_rcc.o
    0x08001bbc   0x08001bbc   0x00000028   Code   RO         1619    i.HAL_SYSTICK_Config  stm32f4xx_hal_cortex.o
    0x08001be4   0x08001be4   0x00000002   Code   RO         2702    i.HAL_TIMEx_BreakCallback  stm32f4xx_hal_tim_ex.o
    0x08001be6   0x08001be6   0x00000002   Code   RO         2703    i.HAL_TIMEx_CommutCallback  stm32f4xx_hal_tim_ex.o
    0x08001be8   0x08001be8   0x00000090   Code   RO         2721    i.HAL_TIMEx_MasterConfigSynchronization  stm32f4xx_hal_tim_ex.o
    0x08001c78   0x08001c78   0x0000005a   Code   RO         1998    i.HAL_TIM_Base_Init  stm32f4xx_hal_tim.o
    0x08001cd2   0x08001cd2   0x00000002   PAD
    0x08001cd4   0x08001cd4   0x0000003c   Code   RO          388    i.HAL_TIM_Base_MspInit  tim.o
    0x08001d10   0x08001d10   0x00000080   Code   RO         2003    i.HAL_TIM_Base_Start_IT  stm32f4xx_hal_tim.o
    0x08001d90   0x08001d90   0x000000dc   Code   RO         2007    i.HAL_TIM_ConfigClockSource  stm32f4xx_hal_tim.o
    0x08001e6c   0x08001e6c   0x00000002   Code   RO         2032    i.HAL_TIM_IC_CaptureCallback  stm32f4xx_hal_tim.o
    0x08001e6e   0x08001e6e   0x00000166   Code   RO         2046    i.HAL_TIM_IRQHandler  stm32f4xx_hal_tim.o
    0x08001fd4   0x08001fd4   0x00000002   Code   RO         2049    i.HAL_TIM_OC_DelayElapsedCallback  stm32f4xx_hal_tim.o
    0x08001fd6   0x08001fd6   0x00000002   Code   RO         2076    i.HAL_TIM_PWM_PulseFinishedCallback  stm32f4xx_hal_tim.o
    0x08001fd8   0x08001fd8   0x00000064   Code   RO         3571    i.HAL_TIM_PeriodElapsedCallback  chassis_task.o
    0x0800203c   0x0800203c   0x00000002   Code   RO         2089    i.HAL_TIM_TriggerCallback  stm32f4xx_hal_tim.o
    0x0800203e   0x0800203e   0x00000062   Code   RO         2998    i.HAL_UART_Init     stm32f4xx_hal_uart.o
    0x080020a0   0x080020a0   0x00000298   Code   RO          430    i.HAL_UART_MspInit  usart.o
    0x08002338   0x08002338   0x000000b2   Code   RO         3006    i.HAL_UART_Transmit  stm32f4xx_hal_uart.o
    0x080023ea   0x080023ea   0x00000002   Code   RO          492    i.HardFault_Handler  stm32f4xx_it.o
    0x080023ec   0x080023ec   0x00000048   Code   RO          316    i.MX_CAN1_Init      can.o
    0x08002434   0x08002434   0x00000048   Code   RO          317    i.MX_CAN2_Init      can.o
    0x0800247c   0x0800247c   0x0000007c   Code   RO          363    i.MX_DMA_Init       dma.o
    0x080024f8   0x080024f8   0x0000006c   Code   RO          290    i.MX_GPIO_Init      gpio.o
    0x08002564   0x08002564   0x00000068   Code   RO          389    i.MX_TIM3_Init      tim.o
    0x080025cc   0x080025cc   0x00000038   Code   RO          431    i.MX_USART1_UART_Init  usart.o
    0x08002604   0x08002604   0x0000003c   Code   RO          432    i.MX_USART3_UART_Init  usart.o
    0x08002640   0x08002640   0x00000038   Code   RO          433    i.MX_USART6_UART_Init  usart.o
    0x08002678   0x08002678   0x00000002   Code   RO          493    i.MemManage_Handler  stm32f4xx_it.o
    0x0800267a   0x0800267a   0x00000002   Code   RO          494    i.NMI_Handler       stm32f4xx_it.o
    0x0800267c   0x0800267c   0x00000064   Code   RO         3362    i.PID_Init          pid.o
    0x080026e0   0x080026e0   0x00000030   Code   RO         3363    i.POWER_PID_Init    pid.o
    0x08002710   0x08002710   0x00000002   Code   RO          495    i.PendSV_Handler    stm32f4xx_it.o
    0x08002712   0x08002712   0x0000000a   Code   RO         3602    i.RC_abs            remote_control.o
    0x0800271c   0x0800271c   0x0000006c   Code   RO         3603    i.RC_data_is_error  remote_control.o
    0x08002788   0x08002788   0x00000060   Code   RO         3604    i.RC_init           remote_control.o
    0x080027e8   0x080027e8   0x00000080   Code   RO         3605    i.RC_restart        remote_control.o
    0x08002868   0x08002868   0x000000c0   Code   RO         4140    i.REFEREE_init      bsp_referee.o
    0x08002928   0x08002928   0x00000002   Code   RO          496    i.SVC_Handler       stm32f4xx_it.o
    0x0800292a   0x0800292a   0x00000004   Code   RO          497    i.SysTick_Handler   stm32f4xx_it.o
    0x0800292e   0x0800292e   0x00000002   PAD
    0x08002930   0x08002930   0x00000094   Code   RO          226    i.SystemClock_Config  main.o
    0x080029c4   0x080029c4   0x00000010   Code   RO         3327    i.SystemInit        system_stm32f4xx.o
    0x080029d4   0x080029d4   0x0000000c   Code   RO          498    i.TIM3_IRQHandler   stm32f4xx_it.o
    0x080029e0   0x080029e0   0x000000c8   Code   RO         2091    i.TIM_Base_SetConfig  stm32f4xx_hal_tim.o
    0x08002aa8   0x08002aa8   0x00000014   Code   RO         2102    i.TIM_ETR_SetConfig  stm32f4xx_hal_tim.o
    0x08002abc   0x08002abc   0x00000010   Code   RO         2103    i.TIM_ITRx_SetConfig  stm32f4xx_hal_tim.o
    0x08002acc   0x08002acc   0x00000022   Code   RO         2109    i.TIM_TI1_ConfigInputStage  stm32f4xx_hal_tim.o
    0x08002aee   0x08002aee   0x00000024   Code   RO         2111    i.TIM_TI2_ConfigInputStage  stm32f4xx_hal_tim.o
    0x08002b12   0x08002b12   0x00000002   PAD
    0x08002b14   0x08002b14   0x0000008c   Code   RO         3776    i.Trigger_Motor_Callback  trigger_turn.o
    0x08002ba0   0x08002ba0   0x0000010c   Code   RO         3024    i.UART_SetConfig    stm32f4xx_hal_uart.o
    0x08002cac   0x08002cac   0x00000078   Code   RO         3027    i.UART_WaitOnFlagUntilTimeout  stm32f4xx_hal_uart.o
    0x08002d24   0x08002d24   0x000002b0   Code   RO         3949    i.UI_Display        referee_ui.o
    0x08002fd4   0x08002fd4   0x000000fc   Code   RO         3954    i.UI_draw_Float     referee_ui.o
    0x080030d0   0x080030d0   0x000000b0   Code   RO         3956    i.UI_draw_Line      referee_ui.o
    0x08003180   0x08003180   0x000000c4   Code   RO         3606    i.USART3_IRQHandler  remote_control.o
    0x08003244   0x08003244   0x00000094   Code   RO         4142    i.USART6_IRQHandler  bsp_referee.o
    0x080032d8   0x080032d8   0x00000002   Code   RO          499    i.UsageFault_Handler  stm32f4xx_it.o
    0x080032da   0x080032da   0x00000002   PAD
    0x080032dc   0x080032dc   0x00000028   Code   RO         3364    i.VPID_Init         pid.o
    0x08003304   0x08003304   0x0000003c   Code   RO         3836    i.Yaw_PIDinit       yaw_turn.o
    0x08003340   0x08003340   0x00000030   Code   RO         4765    i.__ARM_fpclassify  m_wm.l(fpclassify.o)
    0x08003370   0x08003370   0x00000020   Code   RO         1621    i.__NVIC_SetPriority  stm32f4xx_hal_cortex.o
    0x08003390   0x08003390   0x000000c8   Code   RO         4565    i.__hardfp_cos      m_wm.l(cos.o)
    0x08003458   0x08003458   0x000000c8   Code   RO         4577    i.__hardfp_sin      m_wm.l(sin.o)
    0x08003520   0x08003520   0x00000438   Code   RO         4702    i.__ieee754_rem_pio2  m_wm.l(rred.o)
    0x08003958   0x08003958   0x00000170   Code   RO         4685    i.__kernel_cos      m_wm.l(cos_i.o)
    0x08003ac8   0x08003ac8   0x000000f8   Code   RO         4767    i.__kernel_poly     m_wm.l(poly.o)
    0x08003bc0   0x08003bc0   0x00000130   Code   RO         4707    i.__kernel_sin      m_wm.l(sin_i.o)
    0x08003cf0   0x08003cf0   0x00000014   Code   RO         4689    i.__mathlib_dbl_infnan  m_wm.l(dunder.o)
    0x08003d04   0x08003d04   0x00000004   PAD
    0x08003d08   0x08003d08   0x00000020   Code   RO         4691    i.__mathlib_dbl_invalid  m_wm.l(dunder.o)
    0x08003d28   0x08003d28   0x00000020   Code   RO         4694    i.__mathlib_dbl_underflow  m_wm.l(dunder.o)
    0x08003d48   0x08003d48   0x00000130   Code   RO           13    i.all_init          my_init.o
    0x08003e78   0x08003e78   0x000001e0   Code   RO         3365    i.apid_realize      pid.o
    0x08004058   0x08004058   0x000000c8   Code   RO         3366    i.apid_vpid_realize  pid.o
    0x08004120   0x08004120   0x00000028   Code   RO         4188    i.append_CRC16_check_sum  crc8_crc16.o
    0x08004148   0x08004148   0x0000001c   Code   RO         4189    i.append_CRC8_check_sum  crc8_crc16.o
    0x08004164   0x08004164   0x00000060   Code   RO         4071    i.bsp_can_init      bsp_can.o
    0x080041c4   0x080041c4   0x000000d4   Code   RO         3367    i.buffer_pid_realize  pid.o
    0x08004298   0x08004298   0x0000004c   Code   RO         4072    i.canTX_gimbal_2    bsp_can.o
    0x080042e4   0x080042e4   0x00000048   Code   RO         3777    i.canTX_trigger     trigger_turn.o
    0x0800432c   0x0800432c   0x00000048   Code   RO         3838    i.canTX_yaw         yaw_turn.o
    0x08004374   0x08004374   0x0000005c   Code   RO         3481    i.can_send_chassis_current  chassis_move.o
    0x080043d0   0x080043d0   0x00000048   Code   RO         3482    i.chassis_move      chassis_move.o
    0x08004418   0x08004418   0x00000104   Code   RO         3483    i.chassis_move_mode  chassis_move.o
    0x0800451c   0x0800451c   0x00000070   Code   RO         3484    i.chassis_power_loop  chassis_move.o
    0x0800458c   0x0800458c   0x000000dc   Code   RO         3485    i.chassis_speed_control  chassis_move.o
    0x08004668   0x08004668   0x00000110   Code   RO         3486    i.chassis_spin      chassis_move.o
    0x08004778   0x08004778   0x00000018   Code   RO         4761    i.fabs              m_wm.l(fabs.o)
    0x08004790   0x08004790   0x0000002c   Code   RO         4266    i.fifo_s_get        fifo.o
    0x080047bc   0x080047bc   0x00000016   Code   RO         4269    i.fifo_s_init       fifo.o
    0x080047d2   0x080047d2   0x0000007c   Code   RO         4275    i.fifo_s_puts       fifo.o
    0x0800484e   0x0800484e   0x00000004   Code   RO         4277    i.fifo_s_used       fifo.o
    0x08004852   0x08004852   0x00000002   PAD
    0x08004854   0x08004854   0x0000006c   Code   RO         3441    i.find_max          kinematics.o
    0x080048c0   0x080048c0   0x0000002c   Code   RO         4190    i.get_CRC16_check_sum  crc8_crc16.o
    0x080048ec   0x080048ec   0x0000001c   Code   RO         4191    i.get_CRC8_check_sum  crc8_crc16.o
    0x08004908   0x08004908   0x000000aa   Code   RO         3958    i.get_UI_id         referee_ui.o
    0x080049b2   0x080049b2   0x00000002   PAD
    0x080049b4   0x080049b4   0x0000001c   Code   RO         3694    i.get_chassis_power_and_buffer_and_max  referee.o
    0x080049d0   0x080049d0   0x000000bc   Code   RO         4073    i.get_motor_data    bsp_can.o
    0x08004a8c   0x08004a8c   0x0000000c   Code   RO         3696    i.get_robot_id      referee.o
    0x08004a98   0x08004a98   0x00000088   Code   RO         3700    i.init_referee_struct_data  referee.o
    0x08004b20   0x08004b20   0x00000044   Code   RO          227    i.main              main.o
    0x08004b64   0x08004b64   0x00000038   Code   RO           14    i.mode_init         my_init.o
    0x08004b9c   0x08004b9c   0x00000040   Code   RO         3368    i.motor_pid_init    pid.o
    0x08004bdc   0x08004bdc   0x0000003e   Code   RO         3369    i.pid_realize       pid.o
    0x08004c1a   0x08004c1a   0x00000002   PAD
    0x08004c1c   0x08004c1c   0x000002a4   Code   RO         3487    i.power_limitation_jugement  chassis_move.o
    0x08004ec0   0x08004ec0   0x000000d4   Code   RO         3370    i.power_pid_realize  pid.o
    0x08004f94   0x08004f94   0x00000058   Code   RO         4074    i.read_motor_data   bsp_can.o
    0x08004fec   0x08004fec   0x00000058   Code   RO         4075    i.record_yaw_callback  bsp_can.o
    0x08005044   0x08005044   0x0000008c   Code   RO         3959    i.referee_data_pack_handle  referee_ui.o
    0x080050d0   0x080050d0   0x00000130   Code   RO         3701    i.referee_data_solve  referee.o
    0x08005200   0x08005200   0x00000118   Code   RO         3702    i.referee_unpack_fifo_data  referee.o
    0x08005318   0x08005318   0x0000002c   Code   RO         4143    i.referee_usart_fifo_init  bsp_referee.o
    0x08005344   0x08005344   0x00000010   Code   RO         3611    i.remote_control_init  remote_control.o
    0x08005354   0x08005354   0x00000096   Code   RO         3612    i.sbus_to_rc        remote_control.o
    0x080053ea   0x080053ea   0x00000002   PAD
    0x080053ec   0x080053ec   0x00000030   Code   RO         4076    i.send_gimbal_data_2  bsp_can.o
    0x0800541c   0x0800541c   0x00000078   Code   RO         3778    i.shoot_angle_clc   trigger_turn.o
    0x08005494   0x08005494   0x000001b4   Code   RO         3488    i.step_flag_judge   chassis_move.o
    0x08005648   0x08005648   0x00000130   Code   RO         3489    i.step_star         chassis_move.o
    0x08005778   0x08005778   0x00000044   Code   RO         3779    i.trigger_all_init  trigger_turn.o
    0x080057bc   0x080057bc   0x0000003c   Code   RO         3780    i.trigger_pid       trigger_turn.o
    0x080057f8   0x080057f8   0x00000050   Code   RO         3781    i.trigger_turn      trigger_turn.o
    0x08005848   0x08005848   0x0000003c   Code   RO         4192    i.verify_CRC16_check_sum  crc8_crc16.o
    0x08005884   0x08005884   0x00000026   Code   RO         4193    i.verify_CRC8_check_sum  crc8_crc16.o
    0x080058aa   0x080058aa   0x00000002   PAD
    0x080058ac   0x080058ac   0x00000114   Code   RO         3371    i.vpid_realize      pid.o
    0x080059c0   0x080059c0   0x00000010   Code   RO         3841    i.yaw_turn          yaw_turn.o
    0x080059d0   0x080059d0   0x00000018   Code   RO         4672    x$fpl$basic         fz_wm.l(basic.o)
    0x080059e8   0x080059e8   0x00000062   Code   RO         4535    x$fpl$d2f           fz_wm.l(d2f.o)
    0x08005a4a   0x08005a4a   0x00000002   PAD
    0x08005a4c   0x08005a4c   0x00000150   Code   RO         4537    x$fpl$dadd          fz_wm.l(daddsub_clz.o)
    0x08005b9c   0x08005b9c   0x00000018   Code   RO         4674    x$fpl$dcmpinf       fz_wm.l(dcmpi.o)
    0x08005bb4   0x08005bb4   0x000002b0   Code   RO         4544    x$fpl$ddiv          fz_wm.l(ddiv.o)
    0x08005e64   0x08005e64   0x0000005e   Code   RO         4547    x$fpl$dfix          fz_wm.l(dfix.o)
    0x08005ec2   0x08005ec2   0x0000002e   Code   RO         4552    x$fpl$dflt          fz_wm.l(dflt_clz.o)
    0x08005ef0   0x08005ef0   0x00000026   Code   RO         4551    x$fpl$dfltu         fz_wm.l(dflt_clz.o)
    0x08005f16   0x08005f16   0x00000002   PAD
    0x08005f18   0x08005f18   0x00000078   Code   RO         4557    x$fpl$dleqf         fz_wm.l(dleqf.o)
    0x08005f90   0x08005f90   0x00000154   Code   RO         4559    x$fpl$dmul          fz_wm.l(dmul.o)
    0x080060e4   0x080060e4   0x0000009c   Code   RO         4676    x$fpl$dnaninf       fz_wm.l(dnaninf.o)
    0x08006180   0x08006180   0x0000000c   Code   RO         4678    x$fpl$dretinf       fz_wm.l(dretinf.o)
    0x0800618c   0x0800618c   0x0000006c   Code   RO         4561    x$fpl$drleqf        fz_wm.l(drleqf.o)
    0x080061f8   0x080061f8   0x00000016   Code   RO         4538    x$fpl$drsb          fz_wm.l(daddsub_clz.o)
    0x0800620e   0x0800620e   0x00000002   PAD
    0x08006210   0x08006210   0x000001d4   Code   RO         4539    x$fpl$dsub          fz_wm.l(daddsub_clz.o)
    0x080063e4   0x080063e4   0x00000056   Code   RO         4563    x$fpl$f2d           fz_wm.l(f2d.o)
    0x0800643a   0x0800643a   0x0000008c   Code   RO         4680    x$fpl$fnaninf       fz_wm.l(fnaninf.o)
    0x080064c6   0x080064c6   0x0000000a   Code   RO         4757    x$fpl$fpinit        fz_wm.l(fpinit.o)
    0x080064d0   0x080064d0   0x0000000a   Code   RO         4682    x$fpl$fretinf       fz_wm.l(fretinf.o)
    0x080064da   0x080064da   0x00000000   Code   RO         4684    x$fpl$usenofp       fz_wm.l(usenofp.o)
    0x080064da   0x080064da   0x00000008   Data   RO         1338    .constdata          stm32f4xx_hal_dma.o
    0x080064e2   0x080064e2   0x00000010   Data   RO         3328    .constdata          system_stm32f4xx.o
    0x080064f2   0x080064f2   0x00000008   Data   RO         3329    .constdata          system_stm32f4xx.o
    0x080064fa   0x080064fa   0x00000300   Data   RO         4195    .constdata          crc8_crc16.o
    0x080067fa   0x080067fa   0x00000006   PAD
    0x08006800   0x08006800   0x00000030   Data   RO         4686    .constdata          m_wm.l(cos_i.o)
    0x08006830   0x08006830   0x000000c8   Data   RO         4704    .constdata          m_wm.l(rred.o)
    0x080068f8   0x080068f8   0x00000028   Data   RO         4708    .constdata          m_wm.l(sin_i.o)
    0x08006920   0x08006920   0x00000020   Data   RO         4856    Region$$Table       anon$$obj.o


    Execution Region RW_IRAM2 (Exec base: 0x10000000, Load base: 0x080069a8, Size: 0x00000000, Max: 0x00010000, ABSOLUTE)

    **** No section assigned to this execution region ****


    Execution Region RW_IRAM1 (Exec base: 0x20000000, Load base: 0x08006940, Size: 0x00001d48, Max: 0x00020000, ABSOLUTE, COMPRESSED[0x00000068])

    Exec Addr    Load Addr    Size         Type   Attr      Idx    E Section Name        Object

    0x20000000   COMPRESSED   0x00000004   Data   RW          319    .data               can.o
    0x20000004   COMPRESSED   0x0000000c   Data   RW         1765    .data               stm32f4xx_hal.o
    0x20000010   COMPRESSED   0x00000004   Data   RW         3330    .data               system_stm32f4xx.o
    0x20000014   COMPRESSED   0x00000008   Data   RW         3372    .data               pid.o
    0x2000001c   COMPRESSED   0x00000004   Data   RW         3491    .data               chassis_move.o
    0x20000020   COMPRESSED   0x00000078   Data   RW         3492    .data               chassis_move.o
    0x20000098   COMPRESSED   0x00000004   Data   RW         3572    .data               chassis_task.o
    0x2000009c   COMPRESSED   0x00000018   Data   RW         3614    .data               remote_control.o
    0x200000b4   COMPRESSED   0x00000035   Data   RW         3704    .data               referee.o
    0x200000e9   COMPRESSED   0x00000003   PAD
    0x200000ec   COMPRESSED   0x00000028   Data   RW         3783    .data               trigger_turn.o
    0x20000114   COMPRESSED   0x00000048   Data   RW         3843    .data               yaw_turn.o
    0x2000015c   COMPRESSED   0x00000006   Data   RW         3961    .data               referee_ui.o
    0x20000162   COMPRESSED   0x00000002   PAD
    0x20000164   COMPRESSED   0x00000004   Data   RW         4039    .data               supercap.o
    0x20000168   COMPRESSED   0x00000018   Data   RW         4078    .data               bsp_can.o
    0x20000180   COMPRESSED   0x00000002   Data   RW         4145    .data               bsp_referee.o
    0x20000182   COMPRESSED   0x00000002   Data   RW         4196    .data               crc8_crc16.o
    0x20000184        -       0x00000050   Zero   RW          318    .bss                can.o
    0x200001d4        -       0x00000048   Zero   RW          390    .bss                tim.o
    0x2000021c        -       0x000002ac   Zero   RW          434    .bss                usart.o
    0x200004c8        -       0x00000058   Zero   RW         3442    .bss                kinematics.o
    0x20000520        -       0x000005f4   Zero   RW         3490    .bss                chassis_move.o
    0x20000b14        -       0x00000048   Zero   RW         3613    .bss                remote_control.o
    0x20000b5c        -       0x000000ef   Zero   RW         3703    .bss                referee.o
    0x20000c4b   COMPRESSED   0x00000001   PAD
    0x20000c4c        -       0x000000c0   Zero   RW         3782    .bss                trigger_turn.o
    0x20000d0c        -       0x00000158   Zero   RW         3842    .bss                yaw_turn.o
    0x20000e64        -       0x00000010   Zero   RW         3898    .bss                can_receive.o
    0x20000e74        -       0x00000048   Zero   RW         3960    .bss                referee_ui.o
    0x20000ebc        -       0x00000010   Zero   RW         4077    .bss                bsp_can.o
    0x20000ecc        -       0x00000818   Zero   RW         4144    .bss                bsp_referee.o
    0x200016e4        -       0x00000060   Zero   RW         4716    .bss                c_w.l(libspace.o)
    0x20001744   COMPRESSED   0x00000004   PAD
    0x20001748        -       0x00000200   Zero   RW            2    HEAP                startup_stm32f407xx.o
    0x20001948        -       0x00000400   Zero   RW            1    STACK               startup_stm32f407xx.o


==============================================================================

Image component sizes


      Code (inc. data)   RO Data    RW Data    ZI Data      Debug   Object Name

      1124        120          0         24         16       6950   bsp_can.o
       384         60          0          2       2072       2917   bsp_referee.o
       396         46          0          4         80       2618   can.o
         0          0          0          0         16       1155   can_receive.o
      2444        200          0        124       1524      11367   chassis_move.o
       100          4          0          4          0       1120   chassis_task.o
       238         20        768          2          0       5356   crc8_crc16.o
       124          4          0          0          0        898   dma.o
       194          0          0          0          0       8669   fifo.o
       108          6          0          0          0        995   gpio.o
       304         46          0          0         88       3334   kinematics.o
       220         16          0          0          0       2236   main.o
       360         76          0          0          0     714851   my_init.o
      1694        116          0          8          0      11067   pid.o
       760         50          0         53        239       9892   referee.o
      1426         96          0          6         72       5284   referee_ui.o
       704         64          0         24         72       6479   remote_control.o
        64         26        392          0       1536        872   startup_stm32f407xx.o
       144         24          0         12          0       8961   stm32f4xx_hal.o
      1638          6          0          0          0      14803   stm32f4xx_hal_can.o
       198         14          0          0          0      34103   stm32f4xx_hal_cortex.o
       752         16          8          0          0       4208   stm32f4xx_hal_dma.o
       496         46          0          0          0       1588   stm32f4xx_hal_gpio.o
        48          6          0          0          0        910   stm32f4xx_hal_msp.o
      1348         76          0          0          0       5404   stm32f4xx_hal_rcc.o
      1110         72          0          0          0      10537   stm32f4xx_hal_tim.o
       148         28          0          0          0       2561   stm32f4xx_hal_tim_ex.o
       664         10          0          0          0       4304   stm32f4xx_hal_uart.o
       116         48          0          0          0       8422   stm32f4xx_it.o
         0          0          0          4          0        359   supercap.o
        16          4         24          4          0       1211   system_stm32f4xx.o
       164         20          0          0         72       1806   tim.o
       540         56          0         40        192       5353   trigger_turn.o
       836         80          0          0        684       3815   usart.o
       148         20          0         72        344       3907   yaw_turn.o

    ----------------------------------------------------------------------
     19040       1476       1230        388       7008     908312   Object Totals
         0          0         32          0          0          0   (incl. Generated)
        30          0          6          5          1          0   (incl. Padding)

    ----------------------------------------------------------------------

      Code (inc. data)   RO Data    RW Data    ZI Data      Debug   Library Member Name

        90          0          0          0          0          0   __dczerorl2.o
         8          0          0          0          0         68   __main.o
         0          0          0          0          0          0   __rtentry.o
        12          0          0          0          0          0   __rtentry2.o
         6          0          0          0          0          0   __rtentry4.o
        52          8          0          0          0          0   __scatter.o
        28          0          0          0          0          0   __scatter_zi.o
        22          0          0          0          0        100   _rserrno.o
        18          0          0          0          0         80   exit.o
         6          0          0          0          0        152   heapauxi.o
         0          0          0          0          0          0   indicate_semi.o
         2          0          0          0          0          0   libinit.o
         6          0          0          0          0          0   libinit2.o
         2          0          0          0          0          0   libshutdown.o
         2          0          0          0          0          0   libshutdown2.o
         8          4          0          0         96         68   libspace.o
       238          0          0          0          0        100   lludivv7m.o
         8          4          0          0          0         68   rt_errno_addr_intlibspace.o
        68          0          0          0          0         68   rt_memclr.o
        78          0          0          0          0         80   rt_memclr_w.o
       138          0          0          0          0         68   rt_memcpy_v6.o
       100          0          0          0          0         80   rt_memcpy_w.o
         2          0          0          0          0          0   rtexit.o
        10          0          0          0          0          0   rtexit2.o
        12          4          0          0          0         68   sys_exit.o
        74          0          0          0          0         80   sys_stackheap_outer.o
         2          0          0          0          0         68   use_no_semi.o
        24          0          0          0          0        164   basic.o
        98          4          0          0          0        140   d2f.o
       826         16          0          0          0        492   daddsub_clz.o
        24          0          0          0          0        116   dcmpi.o
       688        140          0          0          0        256   ddiv.o
        94          4          0          0          0        140   dfix.o
        84          0          0          0          0        232   dflt_clz.o
       120          4          0          0          0        140   dleqf.o
       340         12          0          0          0        152   dmul.o
       156          4          0          0          0        140   dnaninf.o
        12          0          0          0          0        116   dretinf.o
       108          0          0          0          0        128   drleqf.o
        86          4          0          0          0        132   f2d.o
       140          4          0          0          0        132   fnaninf.o
        10          0          0          0          0        116   fpinit.o
        10          0          0          0          0        116   fretinf.o
         0          0          0          0          0          0   usenofp.o
       200         20          0          0          0        164   cos.o
       368         46         48          0          0        200   cos_i.o
        84         16          0          0          0        372   dunder.o
        24          0          0          0          0        124   fabs.o
        48          0          0          0          0        124   fpclassify.o
       248          0          0          0          0        152   poly.o
      1080        142        200          0          0        188   rred.o
       200         20          0          0          0        164   sin.o
       304         24         40          0          0        208   sin_i.o

    ----------------------------------------------------------------------
      6386        480        288          0        100       5556   Library Totals
        18          0          0          0          4          0   (incl. Padding)

    ----------------------------------------------------------------------

      Code (inc. data)   RO Data    RW Data    ZI Data      Debug   Library Name

       992         20          0          0         96       1148   c_w.l
      2820        192          0          0          0       2712   fz_wm.l
      2556        268        288          0          0       1696   m_wm.l

    ----------------------------------------------------------------------
      6386        480        288          0        100       5556   Library Totals

    ----------------------------------------------------------------------

==============================================================================


      Code (inc. data)   RO Data    RW Data    ZI Data      Debug   

     25426       1956       1518        388       7108     895548   Grand Totals
     25426       1956       1518        104       7108     895548   ELF Image Totals (compressed)
     25426       1956       1518        104          0          0   ROM Totals

==============================================================================

    Total RO  Size (Code + RO Data)                26944 (  26.31kB)
    Total RW  Size (RW Data + ZI Data)              7496 (   7.32kB)
    Total ROM Size (Code + RO Data + RW Data)      27048 (  26.41kB)

==============================================================================

